Archive member included to satisfy reference by file (symbol)

c:/siliconlabs/simplicitystudio/v4/developer/toolchains/gnu_arm/7.2_2017q4/bin/../lib/gcc/arm-none-eabi/7.2.1/thumb/v7e-m/fpv4-sp/softfp\libgcc.a(_aeabi_ldivmod.o)
                              ./emlib/em_usart.o (__aeabi_ldivmod)
c:/siliconlabs/simplicitystudio/v4/developer/toolchains/gnu_arm/7.2_2017q4/bin/../lib/gcc/arm-none-eabi/7.2.1/thumb/v7e-m/fpv4-sp/softfp\libgcc.a(_aeabi_uldivmod.o)
                              ./emlib/em_usart.o (__aeabi_uldivmod)
c:/siliconlabs/simplicitystudio/v4/developer/toolchains/gnu_arm/7.2_2017q4/bin/../lib/gcc/arm-none-eabi/7.2.1/thumb/v7e-m/fpv4-sp/softfp\libgcc.a(_udivmoddi4.o)
                              c:/siliconlabs/simplicitystudio/v4/developer/toolchains/gnu_arm/7.2_2017q4/bin/../lib/gcc/arm-none-eabi/7.2.1/thumb/v7e-m/fpv4-sp/softfp\libgcc.a(_aeabi_ldivmod.o) (__udivmoddi4)
c:/siliconlabs/simplicitystudio/v4/developer/toolchains/gnu_arm/7.2_2017q4/bin/../lib/gcc/arm-none-eabi/7.2.1/thumb/v7e-m/fpv4-sp/softfp\libgcc.a(_dvmd_tls.o)
                              c:/siliconlabs/simplicitystudio/v4/developer/toolchains/gnu_arm/7.2_2017q4/bin/../lib/gcc/arm-none-eabi/7.2.1/thumb/v7e-m/fpv4-sp/softfp\libgcc.a(_aeabi_ldivmod.o) (__aeabi_ldiv0)
c:/siliconlabs/simplicitystudio/v4/developer/toolchains/gnu_arm/7.2_2017q4/bin/../lib/gcc/arm-none-eabi/7.2.1/../../../../arm-none-eabi/lib/thumb/v7e-m/fpv4-sp/softfp\libc_nano.a(lib_a-exit.o)
                              c:/siliconlabs/simplicitystudio/v4/developer/toolchains/gnu_arm/7.2_2017q4/bin/../lib/gcc/arm-none-eabi/7.2.1/../../../../arm-none-eabi/lib/thumb/v7e-m/fpv4-sp/softfp/crt0.o (exit)
c:/siliconlabs/simplicitystudio/v4/developer/toolchains/gnu_arm/7.2_2017q4/bin/../lib/gcc/arm-none-eabi/7.2.1/../../../../arm-none-eabi/lib/thumb/v7e-m/fpv4-sp/softfp\libc_nano.a(lib_a-impure.o)
                              c:/siliconlabs/simplicitystudio/v4/developer/toolchains/gnu_arm/7.2_2017q4/bin/../lib/gcc/arm-none-eabi/7.2.1/../../../../arm-none-eabi/lib/thumb/v7e-m/fpv4-sp/softfp\libc_nano.a(lib_a-exit.o) (_global_impure_ptr)
c:/siliconlabs/simplicitystudio/v4/developer/toolchains/gnu_arm/7.2_2017q4/bin/../lib/gcc/arm-none-eabi/7.2.1/../../../../arm-none-eabi/lib/thumb/v7e-m/fpv4-sp/softfp\libc_nano.a(lib_a-init.o)
                              c:/siliconlabs/simplicitystudio/v4/developer/toolchains/gnu_arm/7.2_2017q4/bin/../lib/gcc/arm-none-eabi/7.2.1/../../../../arm-none-eabi/lib/thumb/v7e-m/fpv4-sp/softfp/crt0.o (__libc_init_array)
c:/siliconlabs/simplicitystudio/v4/developer/toolchains/gnu_arm/7.2_2017q4/bin/../lib/gcc/arm-none-eabi/7.2.1/../../../../arm-none-eabi/lib/thumb/v7e-m/fpv4-sp/softfp\libc_nano.a(lib_a-memset.o)
                              c:/siliconlabs/simplicitystudio/v4/developer/toolchains/gnu_arm/7.2_2017q4/bin/../lib/gcc/arm-none-eabi/7.2.1/../../../../arm-none-eabi/lib/thumb/v7e-m/fpv4-sp/softfp/crt0.o (memset)
c:/siliconlabs/simplicitystudio/v4/developer/toolchains/gnu_arm/7.2_2017q4/bin/../lib/gcc/arm-none-eabi/7.2.1/../../../../arm-none-eabi/lib/thumb/v7e-m/fpv4-sp/softfp\libnosys.a(_exit.o)
                              c:/siliconlabs/simplicitystudio/v4/developer/toolchains/gnu_arm/7.2_2017q4/bin/../lib/gcc/arm-none-eabi/7.2.1/../../../../arm-none-eabi/lib/thumb/v7e-m/fpv4-sp/softfp\libc_nano.a(lib_a-exit.o) (_exit)

Allocating common symbols
Common symbol       size              file

buffer              0x50              ./src/main_s0.o

Discarded input sections

 .text          0x00000000        0x0 c:/siliconlabs/simplicitystudio/v4/developer/toolchains/gnu_arm/7.2_2017q4/bin/../lib/gcc/arm-none-eabi/7.2.1/thumb/v7e-m/fpv4-sp/softfp/crti.o
 .data          0x00000000        0x0 c:/siliconlabs/simplicitystudio/v4/developer/toolchains/gnu_arm/7.2_2017q4/bin/../lib/gcc/arm-none-eabi/7.2.1/thumb/v7e-m/fpv4-sp/softfp/crti.o
 .bss           0x00000000        0x0 c:/siliconlabs/simplicitystudio/v4/developer/toolchains/gnu_arm/7.2_2017q4/bin/../lib/gcc/arm-none-eabi/7.2.1/thumb/v7e-m/fpv4-sp/softfp/crti.o
 .data          0x00000000        0x4 c:/siliconlabs/simplicitystudio/v4/developer/toolchains/gnu_arm/7.2_2017q4/bin/../lib/gcc/arm-none-eabi/7.2.1/thumb/v7e-m/fpv4-sp/softfp/crtbegin.o
 .data          0x00000000        0x0 c:/siliconlabs/simplicitystudio/v4/developer/toolchains/gnu_arm/7.2_2017q4/bin/../lib/gcc/arm-none-eabi/7.2.1/../../../../arm-none-eabi/lib/thumb/v7e-m/fpv4-sp/softfp/crt0.o
 .bss           0x00000000        0x0 c:/siliconlabs/simplicitystudio/v4/developer/toolchains/gnu_arm/7.2_2017q4/bin/../lib/gcc/arm-none-eabi/7.2.1/../../../../arm-none-eabi/lib/thumb/v7e-m/fpv4-sp/softfp/crt0.o
 .ARM.extab     0x00000000        0x0 c:/siliconlabs/simplicitystudio/v4/developer/toolchains/gnu_arm/7.2_2017q4/bin/../lib/gcc/arm-none-eabi/7.2.1/../../../../arm-none-eabi/lib/thumb/v7e-m/fpv4-sp/softfp/crt0.o
 .data          0x00000000        0x0 ./CMSIS/EFM32WG/startup_efm32wg.o
 .bss           0x00000000        0x0 ./CMSIS/EFM32WG/startup_efm32wg.o
 .group         0x00000000        0xc ./CMSIS/EFM32WG/system_efm32wg.o
 .group         0x00000000        0xc ./CMSIS/EFM32WG/system_efm32wg.o
 .group         0x00000000        0xc ./CMSIS/EFM32WG/system_efm32wg.o
 .group         0x00000000        0xc ./CMSIS/EFM32WG/system_efm32wg.o
 .group         0x00000000        0xc ./CMSIS/EFM32WG/system_efm32wg.o
 .group         0x00000000        0xc ./CMSIS/EFM32WG/system_efm32wg.o
 .group         0x00000000        0xc ./CMSIS/EFM32WG/system_efm32wg.o
 .group         0x00000000        0xc ./CMSIS/EFM32WG/system_efm32wg.o
 .group         0x00000000        0xc ./CMSIS/EFM32WG/system_efm32wg.o
 .group         0x00000000        0xc ./CMSIS/EFM32WG/system_efm32wg.o
 .group         0x00000000        0xc ./CMSIS/EFM32WG/system_efm32wg.o
 .group         0x00000000        0xc ./CMSIS/EFM32WG/system_efm32wg.o
 .group         0x00000000        0xc ./CMSIS/EFM32WG/system_efm32wg.o
 .group         0x00000000        0xc ./CMSIS/EFM32WG/system_efm32wg.o
 .group         0x00000000        0xc ./CMSIS/EFM32WG/system_efm32wg.o
 .group         0x00000000        0xc ./CMSIS/EFM32WG/system_efm32wg.o
 .group         0x00000000        0xc ./CMSIS/EFM32WG/system_efm32wg.o
 .group         0x00000000        0xc ./CMSIS/EFM32WG/system_efm32wg.o
 .group         0x00000000        0xc ./CMSIS/EFM32WG/system_efm32wg.o
 .group         0x00000000        0xc ./CMSIS/EFM32WG/system_efm32wg.o
 .group         0x00000000        0xc ./CMSIS/EFM32WG/system_efm32wg.o
 .group         0x00000000        0xc ./CMSIS/EFM32WG/system_efm32wg.o
 .group         0x00000000        0xc ./CMSIS/EFM32WG/system_efm32wg.o
 .group         0x00000000        0xc ./CMSIS/EFM32WG/system_efm32wg.o
 .group         0x00000000        0xc ./CMSIS/EFM32WG/system_efm32wg.o
 .group         0x00000000        0xc ./CMSIS/EFM32WG/system_efm32wg.o
 .group         0x00000000        0xc ./CMSIS/EFM32WG/system_efm32wg.o
 .group         0x00000000        0xc ./CMSIS/EFM32WG/system_efm32wg.o
 .group         0x00000000        0xc ./CMSIS/EFM32WG/system_efm32wg.o
 .group         0x00000000        0xc ./CMSIS/EFM32WG/system_efm32wg.o
 .group         0x00000000        0xc ./CMSIS/EFM32WG/system_efm32wg.o
 .group         0x00000000        0xc ./CMSIS/EFM32WG/system_efm32wg.o
 .group         0x00000000        0xc ./CMSIS/EFM32WG/system_efm32wg.o
 .group         0x00000000        0xc ./CMSIS/EFM32WG/system_efm32wg.o
 .group         0x00000000        0xc ./CMSIS/EFM32WG/system_efm32wg.o
 .group         0x00000000        0xc ./CMSIS/EFM32WG/system_efm32wg.o
 .group         0x00000000        0xc ./CMSIS/EFM32WG/system_efm32wg.o
 .group         0x00000000        0xc ./CMSIS/EFM32WG/system_efm32wg.o
 .group         0x00000000        0xc ./CMSIS/EFM32WG/system_efm32wg.o
 .group         0x00000000        0xc ./CMSIS/EFM32WG/system_efm32wg.o
 .group         0x00000000        0xc ./CMSIS/EFM32WG/system_efm32wg.o
 .group         0x00000000        0xc ./CMSIS/EFM32WG/system_efm32wg.o
 .group         0x00000000        0xc ./CMSIS/EFM32WG/system_efm32wg.o
 .group         0x00000000        0xc ./CMSIS/EFM32WG/system_efm32wg.o
 .group         0x00000000        0xc ./CMSIS/EFM32WG/system_efm32wg.o
 .group         0x00000000        0xc ./CMSIS/EFM32WG/system_efm32wg.o
 .group         0x00000000        0xc ./CMSIS/EFM32WG/system_efm32wg.o
 .group         0x00000000        0xc ./CMSIS/EFM32WG/system_efm32wg.o
 .group         0x00000000        0xc ./CMSIS/EFM32WG/system_efm32wg.o
 .group         0x00000000        0xc ./CMSIS/EFM32WG/system_efm32wg.o
 .text          0x00000000        0x0 ./CMSIS/EFM32WG/system_efm32wg.o
 .data          0x00000000        0x0 ./CMSIS/EFM32WG/system_efm32wg.o
 .bss           0x00000000        0x0 ./CMSIS/EFM32WG/system_efm32wg.o
 .text.SystemMaxCoreClockGet
                0x00000000        0x8 ./CMSIS/EFM32WG/system_efm32wg.o
 .text.SystemHFXOClockGet
                0x00000000        0xc ./CMSIS/EFM32WG/system_efm32wg.o
 .text.SystemHFXOClockSet
                0x00000000       0x30 ./CMSIS/EFM32WG/system_efm32wg.o
 .text.SystemLFXOClockSet
                0x00000000       0x30 ./CMSIS/EFM32WG/system_efm32wg.o
 .group         0x00000000        0xc ./emlib/em_cmu.o
 .group         0x00000000        0xc ./emlib/em_cmu.o
 .group         0x00000000        0xc ./emlib/em_cmu.o
 .group         0x00000000        0xc ./emlib/em_cmu.o
 .group         0x00000000        0xc ./emlib/em_cmu.o
 .group         0x00000000        0xc ./emlib/em_cmu.o
 .group         0x00000000        0xc ./emlib/em_cmu.o
 .group         0x00000000        0xc ./emlib/em_cmu.o
 .group         0x00000000        0xc ./emlib/em_cmu.o
 .group         0x00000000        0xc ./emlib/em_cmu.o
 .group         0x00000000        0xc ./emlib/em_cmu.o
 .group         0x00000000        0xc ./emlib/em_cmu.o
 .group         0x00000000        0xc ./emlib/em_cmu.o
 .group         0x00000000        0xc ./emlib/em_cmu.o
 .group         0x00000000        0xc ./emlib/em_cmu.o
 .group         0x00000000        0xc ./emlib/em_cmu.o
 .group         0x00000000        0xc ./emlib/em_cmu.o
 .group         0x00000000        0xc ./emlib/em_cmu.o
 .group         0x00000000        0xc ./emlib/em_cmu.o
 .group         0x00000000        0xc ./emlib/em_cmu.o
 .group         0x00000000        0xc ./emlib/em_cmu.o
 .group         0x00000000        0xc ./emlib/em_cmu.o
 .group         0x00000000        0xc ./emlib/em_cmu.o
 .group         0x00000000        0xc ./emlib/em_cmu.o
 .group         0x00000000        0xc ./emlib/em_cmu.o
 .group         0x00000000        0xc ./emlib/em_cmu.o
 .group         0x00000000        0xc ./emlib/em_cmu.o
 .group         0x00000000        0xc ./emlib/em_cmu.o
 .group         0x00000000        0xc ./emlib/em_cmu.o
 .group         0x00000000        0xc ./emlib/em_cmu.o
 .group         0x00000000        0xc ./emlib/em_cmu.o
 .group         0x00000000        0xc ./emlib/em_cmu.o
 .group         0x00000000        0xc ./emlib/em_cmu.o
 .group         0x00000000        0xc ./emlib/em_cmu.o
 .group         0x00000000        0xc ./emlib/em_cmu.o
 .group         0x00000000        0xc ./emlib/em_cmu.o
 .group         0x00000000        0xc ./emlib/em_cmu.o
 .group         0x00000000        0xc ./emlib/em_cmu.o
 .group         0x00000000        0xc ./emlib/em_cmu.o
 .group         0x00000000        0xc ./emlib/em_cmu.o
 .group         0x00000000        0xc ./emlib/em_cmu.o
 .group         0x00000000        0xc ./emlib/em_cmu.o
 .group         0x00000000        0xc ./emlib/em_cmu.o
 .group         0x00000000        0xc ./emlib/em_cmu.o
 .group         0x00000000        0xc ./emlib/em_cmu.o
 .group         0x00000000        0xc ./emlib/em_cmu.o
 .group         0x00000000        0xc ./emlib/em_cmu.o
 .group         0x00000000        0xc ./emlib/em_cmu.o
 .group         0x00000000        0xc ./emlib/em_cmu.o
 .group         0x00000000        0xc ./emlib/em_cmu.o
 .group         0x00000000        0xc ./emlib/em_cmu.o
 .group         0x00000000        0xc ./emlib/em_cmu.o
 .group         0x00000000        0xc ./emlib/em_cmu.o
 .group         0x00000000        0xc ./emlib/em_cmu.o
 .group         0x00000000        0xc ./emlib/em_cmu.o
 .group         0x00000000        0xc ./emlib/em_cmu.o
 .group         0x00000000        0xc ./emlib/em_cmu.o
 .group         0x00000000        0xc ./emlib/em_cmu.o
 .group         0x00000000        0xc ./emlib/em_cmu.o
 .group         0x00000000        0xc ./emlib/em_cmu.o
 .group         0x00000000        0xc ./emlib/em_cmu.o
 .text          0x00000000        0x0 ./emlib/em_cmu.o
 .data          0x00000000        0x0 ./emlib/em_cmu.o
 .bss           0x00000000        0x0 ./emlib/em_cmu.o
 .text.flashWaitStateControl.isra.1
                0x00000000       0x68 ./emlib/em_cmu.o
 .text.flashWaitStateMax
                0x00000000       0x20 ./emlib/em_cmu.o
 .text.CMU_UpdateWaitStates
                0x00000000       0x1c ./emlib/em_cmu.o
 .text.CMU_AUXHFRCOBandGet
                0x00000000       0x10 ./emlib/em_cmu.o
 .text.CMU_AUXHFRCOBandSet
                0x00000000       0x6c ./emlib/em_cmu.o
 .text.CMU_Calibrate
                0x00000000       0x58 ./emlib/em_cmu.o
 .text.CMU_CalibrateConfig
                0x00000000       0x70 ./emlib/em_cmu.o
 .text.CMU_CalibrateCountGet
                0x00000000       0x20 ./emlib/em_cmu.o
 .text.CMU_ClockDivGet
                0x00000000       0xd8 ./emlib/em_cmu.o
 .text.CMU_ClockDivSet
                0x00000000      0x1f8 ./emlib/em_cmu.o
 .text.CMU_ClockSelectSet
                0x00000000      0x264 ./emlib/em_cmu.o
 .text.CMU_FreezeEnable
                0x00000000       0x1c ./emlib/em_cmu.o
 .text.CMU_HFRCOBandGet
                0x00000000       0x10 ./emlib/em_cmu.o
 .text.CMU_HFRCOBandSet
                0x00000000       0xe8 ./emlib/em_cmu.o
 .text.CMU_HFRCOStartupDelayGet
                0x00000000       0x10 ./emlib/em_cmu.o
 .text.CMU_HFRCOStartupDelaySet
                0x00000000       0x18 ./emlib/em_cmu.o
 .text.CMU_HFXOInit
                0x00000000       0x3c ./emlib/em_cmu.o
 .text.CMU_LCDClkFDIVGet
                0x00000000       0x10 ./emlib/em_cmu.o
 .text.CMU_LCDClkFDIVSet
                0x00000000       0x1c ./emlib/em_cmu.o
 .text.CMU_LFXOInit
                0x00000000       0x44 ./emlib/em_cmu.o
 .text.CMU_OscillatorEnable
                0x00000000       0x6c ./emlib/em_cmu.o
 .text.CMU_OscillatorTuningGet
                0x00000000       0x30 ./emlib/em_cmu.o
 .text.CMU_OscillatorTuningSet
                0x00000000       0x44 ./emlib/em_cmu.o
 .text.CMU_PCNTClockExternalGet
                0x00000000       0x30 ./emlib/em_cmu.o
 .text.CMU_PCNTClockExternalSet
                0x00000000       0x10 ./emlib/em_cmu.o
 .debug_macro   0x00000000      0xa4e ./emlib/em_cmu.o
 .debug_macro   0x00000000      0x3af ./emlib/em_cmu.o
 .debug_macro   0x00000000       0x22 ./emlib/em_cmu.o
 .debug_macro   0x00000000       0x4f ./emlib/em_cmu.o
 .debug_macro   0x00000000       0x51 ./emlib/em_cmu.o
 .debug_macro   0x00000000       0xef ./emlib/em_cmu.o
 .debug_macro   0x00000000       0x6a ./emlib/em_cmu.o
 .debug_macro   0x00000000      0x1df ./emlib/em_cmu.o
 .debug_macro   0x00000000       0x1c ./emlib/em_cmu.o
 .debug_macro   0x00000000       0x22 ./emlib/em_cmu.o
 .debug_macro   0x00000000       0xdf ./emlib/em_cmu.o
 .debug_macro   0x00000000      0xff5 ./emlib/em_cmu.o
 .debug_macro   0x00000000       0xe2 ./emlib/em_cmu.o
 .debug_macro   0x00000000     0x2869 ./emlib/em_cmu.o
 .debug_macro   0x00000000      0x39e ./emlib/em_cmu.o
 .debug_macro   0x00000000     0x3f12 ./emlib/em_cmu.o
 .debug_macro   0x00000000      0x8d2 ./emlib/em_cmu.o
 .debug_macro   0x00000000      0x675 ./emlib/em_cmu.o
 .debug_macro   0x00000000      0x283 ./emlib/em_cmu.o
 .debug_macro   0x00000000     0x1e37 ./emlib/em_cmu.o
 .debug_macro   0x00000000     0x30cb ./emlib/em_cmu.o
 .debug_macro   0x00000000     0x230f ./emlib/em_cmu.o
 .debug_macro   0x00000000      0x343 ./emlib/em_cmu.o
 .debug_macro   0x00000000     0x1c3c ./emlib/em_cmu.o
 .debug_macro   0x00000000     0x1709 ./emlib/em_cmu.o
 .debug_macro   0x00000000      0x6d8 ./emlib/em_cmu.o
 .debug_macro   0x00000000      0xfe0 ./emlib/em_cmu.o
 .debug_macro   0x00000000      0x37f ./emlib/em_cmu.o
 .debug_macro   0x00000000      0x855 ./emlib/em_cmu.o
 .debug_macro   0x00000000      0x894 ./emlib/em_cmu.o
 .debug_macro   0x00000000     0x106a ./emlib/em_cmu.o
 .debug_macro   0x00000000     0x1d83 ./emlib/em_cmu.o
 .debug_macro   0x00000000      0x33d ./emlib/em_cmu.o
 .debug_macro   0x00000000      0xa66 ./emlib/em_cmu.o
 .debug_macro   0x00000000      0xf85 ./emlib/em_cmu.o
 .debug_macro   0x00000000     0x12a5 ./emlib/em_cmu.o
 .debug_macro   0x00000000      0xc4a ./emlib/em_cmu.o
 .debug_macro   0x00000000      0x74d ./emlib/em_cmu.o
 .debug_macro   0x00000000      0x1c9 ./emlib/em_cmu.o
 .debug_macro   0x00000000     0x1041 ./emlib/em_cmu.o
 .debug_macro   0x00000000      0x280 ./emlib/em_cmu.o
 .debug_macro   0x00000000       0x40 ./emlib/em_cmu.o
 .debug_macro   0x00000000      0x25e ./emlib/em_cmu.o
 .debug_macro   0x00000000      0x1f0 ./emlib/em_cmu.o
 .debug_macro   0x00000000      0x166 ./emlib/em_cmu.o
 .debug_macro   0x00000000      0x252 ./emlib/em_cmu.o
 .debug_macro   0x00000000     0x1c1d ./emlib/em_cmu.o
 .debug_macro   0x00000000       0x2e ./emlib/em_cmu.o
 .debug_macro   0x00000000      0x427 ./emlib/em_cmu.o
 .debug_macro   0x00000000      0x427 ./emlib/em_cmu.o
 .group         0x00000000        0xc ./emlib/em_core.o
 .group         0x00000000        0xc ./emlib/em_core.o
 .group         0x00000000        0xc ./emlib/em_core.o
 .group         0x00000000        0xc ./emlib/em_core.o
 .group         0x00000000        0xc ./emlib/em_core.o
 .group         0x00000000        0xc ./emlib/em_core.o
 .group         0x00000000        0xc ./emlib/em_core.o
 .group         0x00000000        0xc ./emlib/em_core.o
 .group         0x00000000        0xc ./emlib/em_core.o
 .group         0x00000000        0xc ./emlib/em_core.o
 .group         0x00000000        0xc ./emlib/em_core.o
 .group         0x00000000        0xc ./emlib/em_core.o
 .group         0x00000000        0xc ./emlib/em_core.o
 .group         0x00000000        0xc ./emlib/em_core.o
 .group         0x00000000        0xc ./emlib/em_core.o
 .group         0x00000000        0xc ./emlib/em_core.o
 .group         0x00000000        0xc ./emlib/em_core.o
 .group         0x00000000        0xc ./emlib/em_core.o
 .group         0x00000000        0xc ./emlib/em_core.o
 .group         0x00000000        0xc ./emlib/em_core.o
 .group         0x00000000        0xc ./emlib/em_core.o
 .group         0x00000000        0xc ./emlib/em_core.o
 .group         0x00000000        0xc ./emlib/em_core.o
 .group         0x00000000        0xc ./emlib/em_core.o
 .group         0x00000000        0xc ./emlib/em_core.o
 .group         0x00000000        0xc ./emlib/em_core.o
 .group         0x00000000        0xc ./emlib/em_core.o
 .group         0x00000000        0xc ./emlib/em_core.o
 .group         0x00000000        0xc ./emlib/em_core.o
 .group         0x00000000        0xc ./emlib/em_core.o
 .group         0x00000000        0xc ./emlib/em_core.o
 .group         0x00000000        0xc ./emlib/em_core.o
 .group         0x00000000        0xc ./emlib/em_core.o
 .group         0x00000000        0xc ./emlib/em_core.o
 .group         0x00000000        0xc ./emlib/em_core.o
 .group         0x00000000        0xc ./emlib/em_core.o
 .group         0x00000000        0xc ./emlib/em_core.o
 .group         0x00000000        0xc ./emlib/em_core.o
 .group         0x00000000        0xc ./emlib/em_core.o
 .group         0x00000000        0xc ./emlib/em_core.o
 .group         0x00000000        0xc ./emlib/em_core.o
 .group         0x00000000        0xc ./emlib/em_core.o
 .group         0x00000000        0xc ./emlib/em_core.o
 .group         0x00000000        0xc ./emlib/em_core.o
 .group         0x00000000        0xc ./emlib/em_core.o
 .group         0x00000000        0xc ./emlib/em_core.o
 .group         0x00000000        0xc ./emlib/em_core.o
 .group         0x00000000        0xc ./emlib/em_core.o
 .group         0x00000000        0xc ./emlib/em_core.o
 .group         0x00000000        0xc ./emlib/em_core.o
 .group         0x00000000        0xc ./emlib/em_core.o
 .group         0x00000000        0xc ./emlib/em_core.o
 .group         0x00000000        0xc ./emlib/em_core.o
 .group         0x00000000        0xc ./emlib/em_core.o
 .text          0x00000000        0x0 ./emlib/em_core.o
 .data          0x00000000        0x0 ./emlib/em_core.o
 .bss           0x00000000        0x0 ./emlib/em_core.o
 .text.CORE_CriticalDisableIrq
                0x00000000        0x4 ./emlib/em_core.o
 .text.CORE_CriticalEnableIrq
                0x00000000        0x4 ./emlib/em_core.o
 .text.CORE_EnterCritical
                0x00000000        0x8 ./emlib/em_core.o
 .text.CORE_ExitCritical
                0x00000000        0x8 ./emlib/em_core.o
 .text.CORE_YieldCritical
                0x00000000       0x14 ./emlib/em_core.o
 .text.CORE_AtomicDisableIrq
                0x00000000        0x4 ./emlib/em_core.o
 .text.CORE_AtomicEnableIrq
                0x00000000        0x4 ./emlib/em_core.o
 .text.CORE_EnterAtomic
                0x00000000        0x8 ./emlib/em_core.o
 .text.CORE_ExitAtomic
                0x00000000        0x4 ./emlib/em_core.o
 .text.CORE_YieldAtomic
                0x00000000        0x4 ./emlib/em_core.o
 .text.CORE_EnterNvicMask
                0x00000000       0x2c ./emlib/em_core.o
 .text.CORE_NvicDisableMask
                0x00000000       0x20 ./emlib/em_core.o
 .text.CORE_NvicEnableMask
                0x00000000       0x20 ./emlib/em_core.o
 .text.CORE_YieldNvicMask
                0x00000000       0x38 ./emlib/em_core.o
 .text.CORE_NvicMaskSetIRQ
                0x00000000       0x20 ./emlib/em_core.o
 .text.CORE_NvicMaskClearIRQ
                0x00000000       0x20 ./emlib/em_core.o
 .text.CORE_InIrqContext
                0x00000000       0x14 ./emlib/em_core.o
 .text.CORE_IrqIsBlocked
                0x00000000       0x9c ./emlib/em_core.o
 .text.CORE_IrqIsDisabled
                0x00000000        0xc ./emlib/em_core.o
 .text.CORE_GetNvicEnabledMask
                0x00000000       0x20 ./emlib/em_core.o
 .text.CORE_GetNvicMaskDisableState
                0x00000000       0x2c ./emlib/em_core.o
 .text.CORE_NvicIRQDisabled
                0x00000000       0x1c ./emlib/em_core.o
 .text.CORE_GetNvicRamTableHandler
                0x00000000       0x10 ./emlib/em_core.o
 .text.CORE_SetNvicRamTableHandler
                0x00000000       0x10 ./emlib/em_core.o
 .text.CORE_InitNvicVectorTable
                0x00000000       0x44 ./emlib/em_core.o
 .debug_info    0x00000000      0xda2 ./emlib/em_core.o
 .debug_abbrev  0x00000000      0x369 ./emlib/em_core.o
 .debug_loc     0x00000000      0x6b2 ./emlib/em_core.o
 .debug_aranges
                0x00000000       0xb8 ./emlib/em_core.o
 .debug_ranges  0x00000000       0xf8 ./emlib/em_core.o
 .debug_macro   0x00000000      0x2cb ./emlib/em_core.o
 .debug_macro   0x00000000      0xa4e ./emlib/em_core.o
 .debug_macro   0x00000000      0x3af ./emlib/em_core.o
 .debug_macro   0x00000000       0x22 ./emlib/em_core.o
 .debug_macro   0x00000000       0x4f ./emlib/em_core.o
 .debug_macro   0x00000000       0x51 ./emlib/em_core.o
 .debug_macro   0x00000000       0xef ./emlib/em_core.o
 .debug_macro   0x00000000       0x6a ./emlib/em_core.o
 .debug_macro   0x00000000      0x1df ./emlib/em_core.o
 .debug_macro   0x00000000       0x1c ./emlib/em_core.o
 .debug_macro   0x00000000       0x22 ./emlib/em_core.o
 .debug_macro   0x00000000       0xdf ./emlib/em_core.o
 .debug_macro   0x00000000      0xff5 ./emlib/em_core.o
 .debug_macro   0x00000000       0xe2 ./emlib/em_core.o
 .debug_macro   0x00000000     0x2869 ./emlib/em_core.o
 .debug_macro   0x00000000      0x39e ./emlib/em_core.o
 .debug_macro   0x00000000     0x3f12 ./emlib/em_core.o
 .debug_macro   0x00000000      0x8d2 ./emlib/em_core.o
 .debug_macro   0x00000000      0x675 ./emlib/em_core.o
 .debug_macro   0x00000000      0x283 ./emlib/em_core.o
 .debug_macro   0x00000000     0x1e37 ./emlib/em_core.o
 .debug_macro   0x00000000     0x30cb ./emlib/em_core.o
 .debug_macro   0x00000000     0x230f ./emlib/em_core.o
 .debug_macro   0x00000000      0x343 ./emlib/em_core.o
 .debug_macro   0x00000000     0x1c3c ./emlib/em_core.o
 .debug_macro   0x00000000     0x1709 ./emlib/em_core.o
 .debug_macro   0x00000000      0x6d8 ./emlib/em_core.o
 .debug_macro   0x00000000      0xfe0 ./emlib/em_core.o
 .debug_macro   0x00000000      0x37f ./emlib/em_core.o
 .debug_macro   0x00000000      0x855 ./emlib/em_core.o
 .debug_macro   0x00000000      0x894 ./emlib/em_core.o
 .debug_macro   0x00000000     0x106a ./emlib/em_core.o
 .debug_macro   0x00000000     0x1d83 ./emlib/em_core.o
 .debug_macro   0x00000000      0x33d ./emlib/em_core.o
 .debug_macro   0x00000000      0xa66 ./emlib/em_core.o
 .debug_macro   0x00000000      0xf85 ./emlib/em_core.o
 .debug_macro   0x00000000     0x12a5 ./emlib/em_core.o
 .debug_macro   0x00000000      0xc4a ./emlib/em_core.o
 .debug_macro   0x00000000      0x74d ./emlib/em_core.o
 .debug_macro   0x00000000      0x1c9 ./emlib/em_core.o
 .debug_macro   0x00000000     0x1041 ./emlib/em_core.o
 .debug_macro   0x00000000      0x280 ./emlib/em_core.o
 .debug_macro   0x00000000       0x40 ./emlib/em_core.o
 .debug_macro   0x00000000      0x25e ./emlib/em_core.o
 .debug_macro   0x00000000      0x1f0 ./emlib/em_core.o
 .debug_macro   0x00000000      0x166 ./emlib/em_core.o
 .debug_macro   0x00000000      0x252 ./emlib/em_core.o
 .debug_macro   0x00000000     0x1c1d ./emlib/em_core.o
 .debug_macro   0x00000000       0x2e ./emlib/em_core.o
 .debug_macro   0x00000000      0x427 ./emlib/em_core.o
 .debug_macro   0x00000000      0x427 ./emlib/em_core.o
 .debug_macro   0x00000000       0x22 ./emlib/em_core.o
 .debug_macro   0x00000000       0x10 ./emlib/em_core.o
 .debug_macro   0x00000000       0x63 ./emlib/em_core.o
 .debug_macro   0x00000000       0xba ./emlib/em_core.o
 .debug_line    0x00000000      0xa82 ./emlib/em_core.o
 .debug_str     0x00000000    0xd54d1 ./emlib/em_core.o
 .comment       0x00000000       0x7f ./emlib/em_core.o
 .debug_frame   0x00000000      0x224 ./emlib/em_core.o
 .ARM.attributes
                0x00000000       0x37 ./emlib/em_core.o
 .group         0x00000000        0xc ./emlib/em_gpio.o
 .group         0x00000000        0xc ./emlib/em_gpio.o
 .group         0x00000000        0xc ./emlib/em_gpio.o
 .group         0x00000000        0xc ./emlib/em_gpio.o
 .group         0x00000000        0xc ./emlib/em_gpio.o
 .group         0x00000000        0xc ./emlib/em_gpio.o
 .group         0x00000000        0xc ./emlib/em_gpio.o
 .group         0x00000000        0xc ./emlib/em_gpio.o
 .group         0x00000000        0xc ./emlib/em_gpio.o
 .group         0x00000000        0xc ./emlib/em_gpio.o
 .group         0x00000000        0xc ./emlib/em_gpio.o
 .group         0x00000000        0xc ./emlib/em_gpio.o
 .group         0x00000000        0xc ./emlib/em_gpio.o
 .group         0x00000000        0xc ./emlib/em_gpio.o
 .group         0x00000000        0xc ./emlib/em_gpio.o
 .group         0x00000000        0xc ./emlib/em_gpio.o
 .group         0x00000000        0xc ./emlib/em_gpio.o
 .group         0x00000000        0xc ./emlib/em_gpio.o
 .group         0x00000000        0xc ./emlib/em_gpio.o
 .group         0x00000000        0xc ./emlib/em_gpio.o
 .group         0x00000000        0xc ./emlib/em_gpio.o
 .group         0x00000000        0xc ./emlib/em_gpio.o
 .group         0x00000000        0xc ./emlib/em_gpio.o
 .group         0x00000000        0xc ./emlib/em_gpio.o
 .group         0x00000000        0xc ./emlib/em_gpio.o
 .group         0x00000000        0xc ./emlib/em_gpio.o
 .group         0x00000000        0xc ./emlib/em_gpio.o
 .group         0x00000000        0xc ./emlib/em_gpio.o
 .group         0x00000000        0xc ./emlib/em_gpio.o
 .group         0x00000000        0xc ./emlib/em_gpio.o
 .group         0x00000000        0xc ./emlib/em_gpio.o
 .group         0x00000000        0xc ./emlib/em_gpio.o
 .group         0x00000000        0xc ./emlib/em_gpio.o
 .group         0x00000000        0xc ./emlib/em_gpio.o
 .group         0x00000000        0xc ./emlib/em_gpio.o
 .group         0x00000000        0xc ./emlib/em_gpio.o
 .group         0x00000000        0xc ./emlib/em_gpio.o
 .group         0x00000000        0xc ./emlib/em_gpio.o
 .group         0x00000000        0xc ./emlib/em_gpio.o
 .group         0x00000000        0xc ./emlib/em_gpio.o
 .group         0x00000000        0xc ./emlib/em_gpio.o
 .group         0x00000000        0xc ./emlib/em_gpio.o
 .group         0x00000000        0xc ./emlib/em_gpio.o
 .group         0x00000000        0xc ./emlib/em_gpio.o
 .group         0x00000000        0xc ./emlib/em_gpio.o
 .group         0x00000000        0xc ./emlib/em_gpio.o
 .group         0x00000000        0xc ./emlib/em_gpio.o
 .group         0x00000000        0xc ./emlib/em_gpio.o
 .group         0x00000000        0xc ./emlib/em_gpio.o
 .group         0x00000000        0xc ./emlib/em_gpio.o
 .group         0x00000000        0xc ./emlib/em_gpio.o
 .group         0x00000000        0xc ./emlib/em_gpio.o
 .group         0x00000000        0xc ./emlib/em_gpio.o
 .text          0x00000000        0x0 ./emlib/em_gpio.o
 .data          0x00000000        0x0 ./emlib/em_gpio.o
 .bss           0x00000000        0x0 ./emlib/em_gpio.o
 .text.GPIO_DbgLocationSet
                0x00000000       0x18 ./emlib/em_gpio.o
 .text.GPIO_DriveModeSet
                0x00000000       0x1c ./emlib/em_gpio.o
 .text.GPIO_ExtIntConfig
                0x00000000       0x6c ./emlib/em_gpio.o
 .text.GPIO_PinModeGet
                0x00000000       0x34 ./emlib/em_gpio.o
 .text.GPIO_EM4EnablePinWakeup
                0x00000000       0x40 ./emlib/em_gpio.o
 .debug_macro   0x00000000      0xa4e ./emlib/em_gpio.o
 .debug_macro   0x00000000      0x3af ./emlib/em_gpio.o
 .debug_macro   0x00000000       0x22 ./emlib/em_gpio.o
 .debug_macro   0x00000000       0x4f ./emlib/em_gpio.o
 .debug_macro   0x00000000       0x51 ./emlib/em_gpio.o
 .debug_macro   0x00000000       0xef ./emlib/em_gpio.o
 .debug_macro   0x00000000       0x6a ./emlib/em_gpio.o
 .debug_macro   0x00000000      0x1df ./emlib/em_gpio.o
 .debug_macro   0x00000000       0x1c ./emlib/em_gpio.o
 .debug_macro   0x00000000       0x22 ./emlib/em_gpio.o
 .debug_macro   0x00000000       0xdf ./emlib/em_gpio.o
 .debug_macro   0x00000000      0xff5 ./emlib/em_gpio.o
 .debug_macro   0x00000000       0xe2 ./emlib/em_gpio.o
 .debug_macro   0x00000000     0x2869 ./emlib/em_gpio.o
 .debug_macro   0x00000000      0x39e ./emlib/em_gpio.o
 .debug_macro   0x00000000     0x3f12 ./emlib/em_gpio.o
 .debug_macro   0x00000000      0x8d2 ./emlib/em_gpio.o
 .debug_macro   0x00000000      0x675 ./emlib/em_gpio.o
 .debug_macro   0x00000000      0x283 ./emlib/em_gpio.o
 .debug_macro   0x00000000     0x1e37 ./emlib/em_gpio.o
 .debug_macro   0x00000000     0x30cb ./emlib/em_gpio.o
 .debug_macro   0x00000000     0x230f ./emlib/em_gpio.o
 .debug_macro   0x00000000      0x343 ./emlib/em_gpio.o
 .debug_macro   0x00000000     0x1c3c ./emlib/em_gpio.o
 .debug_macro   0x00000000     0x1709 ./emlib/em_gpio.o
 .debug_macro   0x00000000      0x6d8 ./emlib/em_gpio.o
 .debug_macro   0x00000000      0xfe0 ./emlib/em_gpio.o
 .debug_macro   0x00000000      0x37f ./emlib/em_gpio.o
 .debug_macro   0x00000000      0x855 ./emlib/em_gpio.o
 .debug_macro   0x00000000      0x894 ./emlib/em_gpio.o
 .debug_macro   0x00000000     0x106a ./emlib/em_gpio.o
 .debug_macro   0x00000000     0x1d83 ./emlib/em_gpio.o
 .debug_macro   0x00000000      0x33d ./emlib/em_gpio.o
 .debug_macro   0x00000000      0xa66 ./emlib/em_gpio.o
 .debug_macro   0x00000000      0xf85 ./emlib/em_gpio.o
 .debug_macro   0x00000000     0x12a5 ./emlib/em_gpio.o
 .debug_macro   0x00000000      0xc4a ./emlib/em_gpio.o
 .debug_macro   0x00000000      0x74d ./emlib/em_gpio.o
 .debug_macro   0x00000000      0x1c9 ./emlib/em_gpio.o
 .debug_macro   0x00000000     0x1041 ./emlib/em_gpio.o
 .debug_macro   0x00000000      0x280 ./emlib/em_gpio.o
 .debug_macro   0x00000000       0x40 ./emlib/em_gpio.o
 .debug_macro   0x00000000      0x25e ./emlib/em_gpio.o
 .debug_macro   0x00000000      0x1f0 ./emlib/em_gpio.o
 .debug_macro   0x00000000      0x166 ./emlib/em_gpio.o
 .debug_macro   0x00000000      0x252 ./emlib/em_gpio.o
 .debug_macro   0x00000000     0x1c1d ./emlib/em_gpio.o
 .debug_macro   0x00000000       0x2e ./emlib/em_gpio.o
 .debug_macro   0x00000000      0x427 ./emlib/em_gpio.o
 .debug_macro   0x00000000      0x427 ./emlib/em_gpio.o
 .debug_macro   0x00000000       0x22 ./emlib/em_gpio.o
 .debug_macro   0x00000000       0x10 ./emlib/em_gpio.o
 .group         0x00000000        0xc ./emlib/em_system.o
 .group         0x00000000        0xc ./emlib/em_system.o
 .group         0x00000000        0xc ./emlib/em_system.o
 .group         0x00000000        0xc ./emlib/em_system.o
 .group         0x00000000        0xc ./emlib/em_system.o
 .group         0x00000000        0xc ./emlib/em_system.o
 .group         0x00000000        0xc ./emlib/em_system.o
 .group         0x00000000        0xc ./emlib/em_system.o
 .group         0x00000000        0xc ./emlib/em_system.o
 .group         0x00000000        0xc ./emlib/em_system.o
 .group         0x00000000        0xc ./emlib/em_system.o
 .group         0x00000000        0xc ./emlib/em_system.o
 .group         0x00000000        0xc ./emlib/em_system.o
 .group         0x00000000        0xc ./emlib/em_system.o
 .group         0x00000000        0xc ./emlib/em_system.o
 .group         0x00000000        0xc ./emlib/em_system.o
 .group         0x00000000        0xc ./emlib/em_system.o
 .group         0x00000000        0xc ./emlib/em_system.o
 .group         0x00000000        0xc ./emlib/em_system.o
 .group         0x00000000        0xc ./emlib/em_system.o
 .group         0x00000000        0xc ./emlib/em_system.o
 .group         0x00000000        0xc ./emlib/em_system.o
 .group         0x00000000        0xc ./emlib/em_system.o
 .group         0x00000000        0xc ./emlib/em_system.o
 .group         0x00000000        0xc ./emlib/em_system.o
 .group         0x00000000        0xc ./emlib/em_system.o
 .group         0x00000000        0xc ./emlib/em_system.o
 .group         0x00000000        0xc ./emlib/em_system.o
 .group         0x00000000        0xc ./emlib/em_system.o
 .group         0x00000000        0xc ./emlib/em_system.o
 .group         0x00000000        0xc ./emlib/em_system.o
 .group         0x00000000        0xc ./emlib/em_system.o
 .group         0x00000000        0xc ./emlib/em_system.o
 .group         0x00000000        0xc ./emlib/em_system.o
 .group         0x00000000        0xc ./emlib/em_system.o
 .group         0x00000000        0xc ./emlib/em_system.o
 .group         0x00000000        0xc ./emlib/em_system.o
 .group         0x00000000        0xc ./emlib/em_system.o
 .group         0x00000000        0xc ./emlib/em_system.o
 .group         0x00000000        0xc ./emlib/em_system.o
 .group         0x00000000        0xc ./emlib/em_system.o
 .group         0x00000000        0xc ./emlib/em_system.o
 .group         0x00000000        0xc ./emlib/em_system.o
 .group         0x00000000        0xc ./emlib/em_system.o
 .group         0x00000000        0xc ./emlib/em_system.o
 .group         0x00000000        0xc ./emlib/em_system.o
 .group         0x00000000        0xc ./emlib/em_system.o
 .group         0x00000000        0xc ./emlib/em_system.o
 .group         0x00000000        0xc ./emlib/em_system.o
 .group         0x00000000        0xc ./emlib/em_system.o
 .group         0x00000000        0xc ./emlib/em_system.o
 .group         0x00000000        0xc ./emlib/em_system.o
 .group         0x00000000        0xc ./emlib/em_system.o
 .text          0x00000000        0x0 ./emlib/em_system.o
 .data          0x00000000        0x0 ./emlib/em_system.o
 .bss           0x00000000        0x0 ./emlib/em_system.o
 .text.SYSTEM_ChipRevisionGet
                0x00000000       0x34 ./emlib/em_system.o
 .text.SYSTEM_GetCalibrationValue
                0x00000000       0x2c ./emlib/em_system.o
 .debug_info    0x00000000      0x2d7 ./emlib/em_system.o
 .debug_abbrev  0x00000000      0x162 ./emlib/em_system.o
 .debug_loc     0x00000000       0x8d ./emlib/em_system.o
 .debug_aranges
                0x00000000       0x28 ./emlib/em_system.o
 .debug_ranges  0x00000000       0x18 ./emlib/em_system.o
 .debug_macro   0x00000000      0x2a0 ./emlib/em_system.o
 .debug_macro   0x00000000      0xa4e ./emlib/em_system.o
 .debug_macro   0x00000000       0x22 ./emlib/em_system.o
 .debug_macro   0x00000000      0x3af ./emlib/em_system.o
 .debug_macro   0x00000000       0x22 ./emlib/em_system.o
 .debug_macro   0x00000000       0x4f ./emlib/em_system.o
 .debug_macro   0x00000000       0x51 ./emlib/em_system.o
 .debug_macro   0x00000000       0xef ./emlib/em_system.o
 .debug_macro   0x00000000       0x6a ./emlib/em_system.o
 .debug_macro   0x00000000      0x1df ./emlib/em_system.o
 .debug_macro   0x00000000       0x1c ./emlib/em_system.o
 .debug_macro   0x00000000       0x22 ./emlib/em_system.o
 .debug_macro   0x00000000       0xdf ./emlib/em_system.o
 .debug_macro   0x00000000      0xff5 ./emlib/em_system.o
 .debug_macro   0x00000000       0xe2 ./emlib/em_system.o
 .debug_macro   0x00000000     0x2869 ./emlib/em_system.o
 .debug_macro   0x00000000      0x39e ./emlib/em_system.o
 .debug_macro   0x00000000     0x3f12 ./emlib/em_system.o
 .debug_macro   0x00000000      0x8d2 ./emlib/em_system.o
 .debug_macro   0x00000000      0x675 ./emlib/em_system.o
 .debug_macro   0x00000000      0x283 ./emlib/em_system.o
 .debug_macro   0x00000000     0x1e37 ./emlib/em_system.o
 .debug_macro   0x00000000     0x30cb ./emlib/em_system.o
 .debug_macro   0x00000000     0x230f ./emlib/em_system.o
 .debug_macro   0x00000000      0x343 ./emlib/em_system.o
 .debug_macro   0x00000000     0x1c3c ./emlib/em_system.o
 .debug_macro   0x00000000     0x1709 ./emlib/em_system.o
 .debug_macro   0x00000000      0x6d8 ./emlib/em_system.o
 .debug_macro   0x00000000      0xfe0 ./emlib/em_system.o
 .debug_macro   0x00000000      0x37f ./emlib/em_system.o
 .debug_macro   0x00000000      0x855 ./emlib/em_system.o
 .debug_macro   0x00000000      0x894 ./emlib/em_system.o
 .debug_macro   0x00000000     0x106a ./emlib/em_system.o
 .debug_macro   0x00000000     0x1d83 ./emlib/em_system.o
 .debug_macro   0x00000000      0x33d ./emlib/em_system.o
 .debug_macro   0x00000000      0xa66 ./emlib/em_system.o
 .debug_macro   0x00000000      0xf85 ./emlib/em_system.o
 .debug_macro   0x00000000     0x12a5 ./emlib/em_system.o
 .debug_macro   0x00000000      0xc4a ./emlib/em_system.o
 .debug_macro   0x00000000      0x74d ./emlib/em_system.o
 .debug_macro   0x00000000      0x1c9 ./emlib/em_system.o
 .debug_macro   0x00000000     0x1041 ./emlib/em_system.o
 .debug_macro   0x00000000      0x280 ./emlib/em_system.o
 .debug_macro   0x00000000       0x40 ./emlib/em_system.o
 .debug_macro   0x00000000      0x25e ./emlib/em_system.o
 .debug_macro   0x00000000      0x1f0 ./emlib/em_system.o
 .debug_macro   0x00000000      0x166 ./emlib/em_system.o
 .debug_macro   0x00000000      0x252 ./emlib/em_system.o
 .debug_macro   0x00000000     0x1c1d ./emlib/em_system.o
 .debug_macro   0x00000000       0x2e ./emlib/em_system.o
 .debug_macro   0x00000000      0x427 ./emlib/em_system.o
 .debug_macro   0x00000000      0x427 ./emlib/em_system.o
 .debug_macro   0x00000000       0x10 ./emlib/em_system.o
 .debug_macro   0x00000000      0x16d ./emlib/em_system.o
 .debug_line    0x00000000      0x861 ./emlib/em_system.o
 .debug_str     0x00000000    0xd4968 ./emlib/em_system.o
 .comment       0x00000000       0x7f ./emlib/em_system.o
 .debug_frame   0x00000000       0x30 ./emlib/em_system.o
 .ARM.attributes
                0x00000000       0x37 ./emlib/em_system.o
 .group         0x00000000        0xc ./emlib/em_usart.o
 .group         0x00000000        0xc ./emlib/em_usart.o
 .group         0x00000000        0xc ./emlib/em_usart.o
 .group         0x00000000        0xc ./emlib/em_usart.o
 .group         0x00000000        0xc ./emlib/em_usart.o
 .group         0x00000000        0xc ./emlib/em_usart.o
 .group         0x00000000        0xc ./emlib/em_usart.o
 .group         0x00000000        0xc ./emlib/em_usart.o
 .group         0x00000000        0xc ./emlib/em_usart.o
 .group         0x00000000        0xc ./emlib/em_usart.o
 .group         0x00000000        0xc ./emlib/em_usart.o
 .group         0x00000000        0xc ./emlib/em_usart.o
 .group         0x00000000        0xc ./emlib/em_usart.o
 .group         0x00000000        0xc ./emlib/em_usart.o
 .group         0x00000000        0xc ./emlib/em_usart.o
 .group         0x00000000        0xc ./emlib/em_usart.o
 .group         0x00000000        0xc ./emlib/em_usart.o
 .group         0x00000000        0xc ./emlib/em_usart.o
 .group         0x00000000        0xc ./emlib/em_usart.o
 .group         0x00000000        0xc ./emlib/em_usart.o
 .group         0x00000000        0xc ./emlib/em_usart.o
 .group         0x00000000        0xc ./emlib/em_usart.o
 .group         0x00000000        0xc ./emlib/em_usart.o
 .group         0x00000000        0xc ./emlib/em_usart.o
 .group         0x00000000        0xc ./emlib/em_usart.o
 .group         0x00000000        0xc ./emlib/em_usart.o
 .group         0x00000000        0xc ./emlib/em_usart.o
 .group         0x00000000        0xc ./emlib/em_usart.o
 .group         0x00000000        0xc ./emlib/em_usart.o
 .group         0x00000000        0xc ./emlib/em_usart.o
 .group         0x00000000        0xc ./emlib/em_usart.o
 .group         0x00000000        0xc ./emlib/em_usart.o
 .group         0x00000000        0xc ./emlib/em_usart.o
 .group         0x00000000        0xc ./emlib/em_usart.o
 .group         0x00000000        0xc ./emlib/em_usart.o
 .group         0x00000000        0xc ./emlib/em_usart.o
 .group         0x00000000        0xc ./emlib/em_usart.o
 .group         0x00000000        0xc ./emlib/em_usart.o
 .group         0x00000000        0xc ./emlib/em_usart.o
 .group         0x00000000        0xc ./emlib/em_usart.o
 .group         0x00000000        0xc ./emlib/em_usart.o
 .group         0x00000000        0xc ./emlib/em_usart.o
 .group         0x00000000        0xc ./emlib/em_usart.o
 .group         0x00000000        0xc ./emlib/em_usart.o
 .group         0x00000000        0xc ./emlib/em_usart.o
 .group         0x00000000        0xc ./emlib/em_usart.o
 .group         0x00000000        0xc ./emlib/em_usart.o
 .group         0x00000000        0xc ./emlib/em_usart.o
 .group         0x00000000        0xc ./emlib/em_usart.o
 .group         0x00000000        0xc ./emlib/em_usart.o
 .group         0x00000000        0xc ./emlib/em_usart.o
 .group         0x00000000        0xc ./emlib/em_usart.o
 .group         0x00000000        0xc ./emlib/em_usart.o
 .group         0x00000000        0xc ./emlib/em_usart.o
 .group         0x00000000        0xc ./emlib/em_usart.o
 .group         0x00000000        0xc ./emlib/em_usart.o
 .text          0x00000000        0x0 ./emlib/em_usart.o
 .data          0x00000000        0x0 ./emlib/em_usart.o
 .bss           0x00000000        0x0 ./emlib/em_usart.o
 .text.USART_BaudrateCalc
                0x00000000       0x80 ./emlib/em_usart.o
 .text.USART_BaudrateGet
                0x00000000       0x9c ./emlib/em_usart.o
 .text.USART_BaudrateSyncSet
                0x00000000       0x24 ./emlib/em_usart.o
 .text.USART_Enable
                0x00000000       0x10 ./emlib/em_usart.o
 .text.USART_InitSync
                0x00000000       0xc4 ./emlib/em_usart.o
 .text.USARTn_InitIrDA
                0x00000000       0x48 ./emlib/em_usart.o
 .text.USART_InitI2s
                0x00000000       0x54 ./emlib/em_usart.o
 .text.USART_InitPrsTrigger
                0x00000000       0x34 ./emlib/em_usart.o
 .text.USART_Reset
                0x00000000       0x50 ./emlib/em_usart.o
 .text.USART_RxDouble
                0x00000000        0xc ./emlib/em_usart.o
 .text.USART_RxDoubleExt
                0x00000000        0xc ./emlib/em_usart.o
 .text.USART_RxExt
                0x00000000        0xc ./emlib/em_usart.o
 .text.USART_SpiTransfer
                0x00000000       0x14 ./emlib/em_usart.o
 .text.USART_TxDouble
                0x00000000        0xc ./emlib/em_usart.o
 .text.USART_TxDoubleExt
                0x00000000        0xc ./emlib/em_usart.o
 .text.USART_TxExt
                0x00000000        0xc ./emlib/em_usart.o
 .debug_macro   0x00000000      0xa4e ./emlib/em_usart.o
 .debug_macro   0x00000000      0x3af ./emlib/em_usart.o
 .debug_macro   0x00000000       0x22 ./emlib/em_usart.o
 .debug_macro   0x00000000       0x4f ./emlib/em_usart.o
 .debug_macro   0x00000000       0x51 ./emlib/em_usart.o
 .debug_macro   0x00000000       0xef ./emlib/em_usart.o
 .debug_macro   0x00000000       0x6a ./emlib/em_usart.o
 .debug_macro   0x00000000      0x1df ./emlib/em_usart.o
 .debug_macro   0x00000000       0x1c ./emlib/em_usart.o
 .debug_macro   0x00000000       0x22 ./emlib/em_usart.o
 .debug_macro   0x00000000       0xdf ./emlib/em_usart.o
 .debug_macro   0x00000000      0xff5 ./emlib/em_usart.o
 .debug_macro   0x00000000       0xe2 ./emlib/em_usart.o
 .debug_macro   0x00000000     0x2869 ./emlib/em_usart.o
 .debug_macro   0x00000000      0x39e ./emlib/em_usart.o
 .debug_macro   0x00000000     0x3f12 ./emlib/em_usart.o
 .debug_macro   0x00000000      0x8d2 ./emlib/em_usart.o
 .debug_macro   0x00000000      0x675 ./emlib/em_usart.o
 .debug_macro   0x00000000      0x283 ./emlib/em_usart.o
 .debug_macro   0x00000000     0x1e37 ./emlib/em_usart.o
 .debug_macro   0x00000000     0x30cb ./emlib/em_usart.o
 .debug_macro   0x00000000     0x230f ./emlib/em_usart.o
 .debug_macro   0x00000000      0x343 ./emlib/em_usart.o
 .debug_macro   0x00000000     0x1c3c ./emlib/em_usart.o
 .debug_macro   0x00000000     0x1709 ./emlib/em_usart.o
 .debug_macro   0x00000000      0x6d8 ./emlib/em_usart.o
 .debug_macro   0x00000000      0xfe0 ./emlib/em_usart.o
 .debug_macro   0x00000000      0x37f ./emlib/em_usart.o
 .debug_macro   0x00000000      0x855 ./emlib/em_usart.o
 .debug_macro   0x00000000      0x894 ./emlib/em_usart.o
 .debug_macro   0x00000000     0x106a ./emlib/em_usart.o
 .debug_macro   0x00000000     0x1d83 ./emlib/em_usart.o
 .debug_macro   0x00000000      0x33d ./emlib/em_usart.o
 .debug_macro   0x00000000      0xa66 ./emlib/em_usart.o
 .debug_macro   0x00000000      0xf85 ./emlib/em_usart.o
 .debug_macro   0x00000000     0x12a5 ./emlib/em_usart.o
 .debug_macro   0x00000000      0xc4a ./emlib/em_usart.o
 .debug_macro   0x00000000      0x74d ./emlib/em_usart.o
 .debug_macro   0x00000000      0x1c9 ./emlib/em_usart.o
 .debug_macro   0x00000000     0x1041 ./emlib/em_usart.o
 .debug_macro   0x00000000      0x280 ./emlib/em_usart.o
 .debug_macro   0x00000000       0x40 ./emlib/em_usart.o
 .debug_macro   0x00000000      0x25e ./emlib/em_usart.o
 .debug_macro   0x00000000      0x1f0 ./emlib/em_usart.o
 .debug_macro   0x00000000      0x166 ./emlib/em_usart.o
 .debug_macro   0x00000000      0x252 ./emlib/em_usart.o
 .debug_macro   0x00000000     0x1c1d ./emlib/em_usart.o
 .debug_macro   0x00000000       0x2e ./emlib/em_usart.o
 .debug_macro   0x00000000      0x427 ./emlib/em_usart.o
 .debug_macro   0x00000000      0x427 ./emlib/em_usart.o
 .debug_macro   0x00000000       0x22 ./emlib/em_usart.o
 .debug_macro   0x00000000       0x10 ./emlib/em_usart.o
 .debug_macro   0x00000000       0xcc ./emlib/em_usart.o
 .debug_macro   0x00000000       0x69 ./emlib/em_usart.o
 .debug_macro   0x00000000      0x330 ./emlib/em_usart.o
 .group         0x00000000        0xc ./src/main_s0.o
 .group         0x00000000        0xc ./src/main_s0.o
 .group         0x00000000        0xc ./src/main_s0.o
 .group         0x00000000        0xc ./src/main_s0.o
 .group         0x00000000        0xc ./src/main_s0.o
 .group         0x00000000        0xc ./src/main_s0.o
 .group         0x00000000        0xc ./src/main_s0.o
 .group         0x00000000        0xc ./src/main_s0.o
 .group         0x00000000        0xc ./src/main_s0.o
 .group         0x00000000        0xc ./src/main_s0.o
 .group         0x00000000        0xc ./src/main_s0.o
 .group         0x00000000        0xc ./src/main_s0.o
 .group         0x00000000        0xc ./src/main_s0.o
 .group         0x00000000        0xc ./src/main_s0.o
 .group         0x00000000        0xc ./src/main_s0.o
 .group         0x00000000        0xc ./src/main_s0.o
 .group         0x00000000        0xc ./src/main_s0.o
 .group         0x00000000        0xc ./src/main_s0.o
 .group         0x00000000        0xc ./src/main_s0.o
 .group         0x00000000        0xc ./src/main_s0.o
 .group         0x00000000        0xc ./src/main_s0.o
 .group         0x00000000        0xc ./src/main_s0.o
 .group         0x00000000        0xc ./src/main_s0.o
 .group         0x00000000        0xc ./src/main_s0.o
 .group         0x00000000        0xc ./src/main_s0.o
 .group         0x00000000        0xc ./src/main_s0.o
 .group         0x00000000        0xc ./src/main_s0.o
 .group         0x00000000        0xc ./src/main_s0.o
 .group         0x00000000        0xc ./src/main_s0.o
 .group         0x00000000        0xc ./src/main_s0.o
 .group         0x00000000        0xc ./src/main_s0.o
 .group         0x00000000        0xc ./src/main_s0.o
 .group         0x00000000        0xc ./src/main_s0.o
 .group         0x00000000        0xc ./src/main_s0.o
 .group         0x00000000        0xc ./src/main_s0.o
 .group         0x00000000        0xc ./src/main_s0.o
 .group         0x00000000        0xc ./src/main_s0.o
 .group         0x00000000        0xc ./src/main_s0.o
 .group         0x00000000        0xc ./src/main_s0.o
 .group         0x00000000        0xc ./src/main_s0.o
 .group         0x00000000        0xc ./src/main_s0.o
 .group         0x00000000        0xc ./src/main_s0.o
 .group         0x00000000        0xc ./src/main_s0.o
 .group         0x00000000        0xc ./src/main_s0.o
 .group         0x00000000        0xc ./src/main_s0.o
 .group         0x00000000        0xc ./src/main_s0.o
 .group         0x00000000        0xc ./src/main_s0.o
 .group         0x00000000        0xc ./src/main_s0.o
 .group         0x00000000        0xc ./src/main_s0.o
 .group         0x00000000        0xc ./src/main_s0.o
 .group         0x00000000        0xc ./src/main_s0.o
 .group         0x00000000        0xc ./src/main_s0.o
 .group         0x00000000        0xc ./src/main_s0.o
 .group         0x00000000        0xc ./src/main_s0.o
 .group         0x00000000        0xc ./src/main_s0.o
 .group         0x00000000        0xc ./src/main_s0.o
 .text          0x00000000        0x0 ./src/main_s0.o
 .data          0x00000000        0x0 ./src/main_s0.o
 .bss           0x00000000        0x0 ./src/main_s0.o
 .debug_macro   0x00000000      0xa4e ./src/main_s0.o
 .debug_macro   0x00000000      0x3af ./src/main_s0.o
 .debug_macro   0x00000000       0x22 ./src/main_s0.o
 .debug_macro   0x00000000       0x4f ./src/main_s0.o
 .debug_macro   0x00000000       0x51 ./src/main_s0.o
 .debug_macro   0x00000000       0xef ./src/main_s0.o
 .debug_macro   0x00000000       0x6a ./src/main_s0.o
 .debug_macro   0x00000000      0x1df ./src/main_s0.o
 .debug_macro   0x00000000       0x1c ./src/main_s0.o
 .debug_macro   0x00000000       0x22 ./src/main_s0.o
 .debug_macro   0x00000000       0xdf ./src/main_s0.o
 .debug_macro   0x00000000      0xff5 ./src/main_s0.o
 .debug_macro   0x00000000       0xe2 ./src/main_s0.o
 .debug_macro   0x00000000     0x2869 ./src/main_s0.o
 .debug_macro   0x00000000      0x39e ./src/main_s0.o
 .debug_macro   0x00000000     0x3f12 ./src/main_s0.o
 .debug_macro   0x00000000      0x8d2 ./src/main_s0.o
 .debug_macro   0x00000000      0x675 ./src/main_s0.o
 .debug_macro   0x00000000      0x283 ./src/main_s0.o
 .debug_macro   0x00000000     0x1e37 ./src/main_s0.o
 .debug_macro   0x00000000     0x30cb ./src/main_s0.o
 .debug_macro   0x00000000     0x230f ./src/main_s0.o
 .debug_macro   0x00000000      0x343 ./src/main_s0.o
 .debug_macro   0x00000000     0x1c3c ./src/main_s0.o
 .debug_macro   0x00000000     0x1709 ./src/main_s0.o
 .debug_macro   0x00000000      0x6d8 ./src/main_s0.o
 .debug_macro   0x00000000      0xfe0 ./src/main_s0.o
 .debug_macro   0x00000000      0x37f ./src/main_s0.o
 .debug_macro   0x00000000      0x855 ./src/main_s0.o
 .debug_macro   0x00000000      0x894 ./src/main_s0.o
 .debug_macro   0x00000000     0x106a ./src/main_s0.o
 .debug_macro   0x00000000     0x1d83 ./src/main_s0.o
 .debug_macro   0x00000000      0x33d ./src/main_s0.o
 .debug_macro   0x00000000      0xa66 ./src/main_s0.o
 .debug_macro   0x00000000      0xf85 ./src/main_s0.o
 .debug_macro   0x00000000     0x12a5 ./src/main_s0.o
 .debug_macro   0x00000000      0xc4a ./src/main_s0.o
 .debug_macro   0x00000000      0x74d ./src/main_s0.o
 .debug_macro   0x00000000      0x1c9 ./src/main_s0.o
 .debug_macro   0x00000000     0x1041 ./src/main_s0.o
 .debug_macro   0x00000000      0x280 ./src/main_s0.o
 .debug_macro   0x00000000       0x40 ./src/main_s0.o
 .debug_macro   0x00000000      0x25e ./src/main_s0.o
 .debug_macro   0x00000000      0x1f0 ./src/main_s0.o
 .debug_macro   0x00000000      0x166 ./src/main_s0.o
 .debug_macro   0x00000000      0x252 ./src/main_s0.o
 .debug_macro   0x00000000     0x1c1d ./src/main_s0.o
 .debug_macro   0x00000000       0x2e ./src/main_s0.o
 .debug_macro   0x00000000      0x427 ./src/main_s0.o
 .debug_macro   0x00000000      0x427 ./src/main_s0.o
 .debug_macro   0x00000000       0x22 ./src/main_s0.o
 .debug_macro   0x00000000       0x10 ./src/main_s0.o
 .debug_macro   0x00000000       0xcc ./src/main_s0.o
 .debug_macro   0x00000000       0x69 ./src/main_s0.o
 .debug_macro   0x00000000      0x330 ./src/main_s0.o
 .text          0x00000000       0xa0 c:/siliconlabs/simplicitystudio/v4/developer/toolchains/gnu_arm/7.2_2017q4/bin/../lib/gcc/arm-none-eabi/7.2.1/thumb/v7e-m/fpv4-sp/softfp\libgcc.a(_aeabi_ldivmod.o)
 .data          0x00000000        0x0 c:/siliconlabs/simplicitystudio/v4/developer/toolchains/gnu_arm/7.2_2017q4/bin/../lib/gcc/arm-none-eabi/7.2.1/thumb/v7e-m/fpv4-sp/softfp\libgcc.a(_aeabi_ldivmod.o)
 .bss           0x00000000        0x0 c:/siliconlabs/simplicitystudio/v4/developer/toolchains/gnu_arm/7.2_2017q4/bin/../lib/gcc/arm-none-eabi/7.2.1/thumb/v7e-m/fpv4-sp/softfp\libgcc.a(_aeabi_ldivmod.o)
 .debug_frame   0x00000000       0x44 c:/siliconlabs/simplicitystudio/v4/developer/toolchains/gnu_arm/7.2_2017q4/bin/../lib/gcc/arm-none-eabi/7.2.1/thumb/v7e-m/fpv4-sp/softfp\libgcc.a(_aeabi_ldivmod.o)
 .ARM.attributes
                0x00000000       0x22 c:/siliconlabs/simplicitystudio/v4/developer/toolchains/gnu_arm/7.2_2017q4/bin/../lib/gcc/arm-none-eabi/7.2.1/thumb/v7e-m/fpv4-sp/softfp\libgcc.a(_aeabi_ldivmod.o)
 .text          0x00000000       0x30 c:/siliconlabs/simplicitystudio/v4/developer/toolchains/gnu_arm/7.2_2017q4/bin/../lib/gcc/arm-none-eabi/7.2.1/thumb/v7e-m/fpv4-sp/softfp\libgcc.a(_aeabi_uldivmod.o)
 .data          0x00000000        0x0 c:/siliconlabs/simplicitystudio/v4/developer/toolchains/gnu_arm/7.2_2017q4/bin/../lib/gcc/arm-none-eabi/7.2.1/thumb/v7e-m/fpv4-sp/softfp\libgcc.a(_aeabi_uldivmod.o)
 .bss           0x00000000        0x0 c:/siliconlabs/simplicitystudio/v4/developer/toolchains/gnu_arm/7.2_2017q4/bin/../lib/gcc/arm-none-eabi/7.2.1/thumb/v7e-m/fpv4-sp/softfp\libgcc.a(_aeabi_uldivmod.o)
 .debug_frame   0x00000000       0x2c c:/siliconlabs/simplicitystudio/v4/developer/toolchains/gnu_arm/7.2_2017q4/bin/../lib/gcc/arm-none-eabi/7.2.1/thumb/v7e-m/fpv4-sp/softfp\libgcc.a(_aeabi_uldivmod.o)
 .ARM.attributes
                0x00000000       0x22 c:/siliconlabs/simplicitystudio/v4/developer/toolchains/gnu_arm/7.2_2017q4/bin/../lib/gcc/arm-none-eabi/7.2.1/thumb/v7e-m/fpv4-sp/softfp\libgcc.a(_aeabi_uldivmod.o)
 .text          0x00000000      0x2cc c:/siliconlabs/simplicitystudio/v4/developer/toolchains/gnu_arm/7.2_2017q4/bin/../lib/gcc/arm-none-eabi/7.2.1/thumb/v7e-m/fpv4-sp/softfp\libgcc.a(_udivmoddi4.o)
 .data          0x00000000        0x0 c:/siliconlabs/simplicitystudio/v4/developer/toolchains/gnu_arm/7.2_2017q4/bin/../lib/gcc/arm-none-eabi/7.2.1/thumb/v7e-m/fpv4-sp/softfp\libgcc.a(_udivmoddi4.o)
 .bss           0x00000000        0x0 c:/siliconlabs/simplicitystudio/v4/developer/toolchains/gnu_arm/7.2_2017q4/bin/../lib/gcc/arm-none-eabi/7.2.1/thumb/v7e-m/fpv4-sp/softfp\libgcc.a(_udivmoddi4.o)
 .ARM.extab     0x00000000        0x0 c:/siliconlabs/simplicitystudio/v4/developer/toolchains/gnu_arm/7.2_2017q4/bin/../lib/gcc/arm-none-eabi/7.2.1/thumb/v7e-m/fpv4-sp/softfp\libgcc.a(_udivmoddi4.o)
 .ARM.exidx     0x00000000        0x8 c:/siliconlabs/simplicitystudio/v4/developer/toolchains/gnu_arm/7.2_2017q4/bin/../lib/gcc/arm-none-eabi/7.2.1/thumb/v7e-m/fpv4-sp/softfp\libgcc.a(_udivmoddi4.o)
 .debug_frame   0x00000000       0x34 c:/siliconlabs/simplicitystudio/v4/developer/toolchains/gnu_arm/7.2_2017q4/bin/../lib/gcc/arm-none-eabi/7.2.1/thumb/v7e-m/fpv4-sp/softfp\libgcc.a(_udivmoddi4.o)
 .ARM.attributes
                0x00000000       0x32 c:/siliconlabs/simplicitystudio/v4/developer/toolchains/gnu_arm/7.2_2017q4/bin/../lib/gcc/arm-none-eabi/7.2.1/thumb/v7e-m/fpv4-sp/softfp\libgcc.a(_udivmoddi4.o)
 .text          0x00000000        0x4 c:/siliconlabs/simplicitystudio/v4/developer/toolchains/gnu_arm/7.2_2017q4/bin/../lib/gcc/arm-none-eabi/7.2.1/thumb/v7e-m/fpv4-sp/softfp\libgcc.a(_dvmd_tls.o)
 .data          0x00000000        0x0 c:/siliconlabs/simplicitystudio/v4/developer/toolchains/gnu_arm/7.2_2017q4/bin/../lib/gcc/arm-none-eabi/7.2.1/thumb/v7e-m/fpv4-sp/softfp\libgcc.a(_dvmd_tls.o)
 .bss           0x00000000        0x0 c:/siliconlabs/simplicitystudio/v4/developer/toolchains/gnu_arm/7.2_2017q4/bin/../lib/gcc/arm-none-eabi/7.2.1/thumb/v7e-m/fpv4-sp/softfp\libgcc.a(_dvmd_tls.o)
 .ARM.attributes
                0x00000000       0x22 c:/siliconlabs/simplicitystudio/v4/developer/toolchains/gnu_arm/7.2_2017q4/bin/../lib/gcc/arm-none-eabi/7.2.1/thumb/v7e-m/fpv4-sp/softfp\libgcc.a(_dvmd_tls.o)
 .text          0x00000000        0x0 c:/siliconlabs/simplicitystudio/v4/developer/toolchains/gnu_arm/7.2_2017q4/bin/../lib/gcc/arm-none-eabi/7.2.1/../../../../arm-none-eabi/lib/thumb/v7e-m/fpv4-sp/softfp\libc_nano.a(lib_a-exit.o)
 .data          0x00000000        0x0 c:/siliconlabs/simplicitystudio/v4/developer/toolchains/gnu_arm/7.2_2017q4/bin/../lib/gcc/arm-none-eabi/7.2.1/../../../../arm-none-eabi/lib/thumb/v7e-m/fpv4-sp/softfp\libc_nano.a(lib_a-exit.o)
 .bss           0x00000000        0x0 c:/siliconlabs/simplicitystudio/v4/developer/toolchains/gnu_arm/7.2_2017q4/bin/../lib/gcc/arm-none-eabi/7.2.1/../../../../arm-none-eabi/lib/thumb/v7e-m/fpv4-sp/softfp\libc_nano.a(lib_a-exit.o)
 .text          0x00000000        0x0 c:/siliconlabs/simplicitystudio/v4/developer/toolchains/gnu_arm/7.2_2017q4/bin/../lib/gcc/arm-none-eabi/7.2.1/../../../../arm-none-eabi/lib/thumb/v7e-m/fpv4-sp/softfp\libc_nano.a(lib_a-impure.o)
 .data          0x00000000        0x0 c:/siliconlabs/simplicitystudio/v4/developer/toolchains/gnu_arm/7.2_2017q4/bin/../lib/gcc/arm-none-eabi/7.2.1/../../../../arm-none-eabi/lib/thumb/v7e-m/fpv4-sp/softfp\libc_nano.a(lib_a-impure.o)
 .bss           0x00000000        0x0 c:/siliconlabs/simplicitystudio/v4/developer/toolchains/gnu_arm/7.2_2017q4/bin/../lib/gcc/arm-none-eabi/7.2.1/../../../../arm-none-eabi/lib/thumb/v7e-m/fpv4-sp/softfp\libc_nano.a(lib_a-impure.o)
 .data._impure_ptr
                0x00000000        0x4 c:/siliconlabs/simplicitystudio/v4/developer/toolchains/gnu_arm/7.2_2017q4/bin/../lib/gcc/arm-none-eabi/7.2.1/../../../../arm-none-eabi/lib/thumb/v7e-m/fpv4-sp/softfp\libc_nano.a(lib_a-impure.o)
 .text          0x00000000        0x0 c:/siliconlabs/simplicitystudio/v4/developer/toolchains/gnu_arm/7.2_2017q4/bin/../lib/gcc/arm-none-eabi/7.2.1/../../../../arm-none-eabi/lib/thumb/v7e-m/fpv4-sp/softfp\libc_nano.a(lib_a-init.o)
 .data          0x00000000        0x0 c:/siliconlabs/simplicitystudio/v4/developer/toolchains/gnu_arm/7.2_2017q4/bin/../lib/gcc/arm-none-eabi/7.2.1/../../../../arm-none-eabi/lib/thumb/v7e-m/fpv4-sp/softfp\libc_nano.a(lib_a-init.o)
 .bss           0x00000000        0x0 c:/siliconlabs/simplicitystudio/v4/developer/toolchains/gnu_arm/7.2_2017q4/bin/../lib/gcc/arm-none-eabi/7.2.1/../../../../arm-none-eabi/lib/thumb/v7e-m/fpv4-sp/softfp\libc_nano.a(lib_a-init.o)
 .text          0x00000000        0x0 c:/siliconlabs/simplicitystudio/v4/developer/toolchains/gnu_arm/7.2_2017q4/bin/../lib/gcc/arm-none-eabi/7.2.1/../../../../arm-none-eabi/lib/thumb/v7e-m/fpv4-sp/softfp\libc_nano.a(lib_a-memset.o)
 .data          0x00000000        0x0 c:/siliconlabs/simplicitystudio/v4/developer/toolchains/gnu_arm/7.2_2017q4/bin/../lib/gcc/arm-none-eabi/7.2.1/../../../../arm-none-eabi/lib/thumb/v7e-m/fpv4-sp/softfp\libc_nano.a(lib_a-memset.o)
 .bss           0x00000000        0x0 c:/siliconlabs/simplicitystudio/v4/developer/toolchains/gnu_arm/7.2_2017q4/bin/../lib/gcc/arm-none-eabi/7.2.1/../../../../arm-none-eabi/lib/thumb/v7e-m/fpv4-sp/softfp\libc_nano.a(lib_a-memset.o)
 .text          0x00000000        0x0 c:/siliconlabs/simplicitystudio/v4/developer/toolchains/gnu_arm/7.2_2017q4/bin/../lib/gcc/arm-none-eabi/7.2.1/../../../../arm-none-eabi/lib/thumb/v7e-m/fpv4-sp/softfp\libnosys.a(_exit.o)
 .data          0x00000000        0x0 c:/siliconlabs/simplicitystudio/v4/developer/toolchains/gnu_arm/7.2_2017q4/bin/../lib/gcc/arm-none-eabi/7.2.1/../../../../arm-none-eabi/lib/thumb/v7e-m/fpv4-sp/softfp\libnosys.a(_exit.o)
 .bss           0x00000000        0x0 c:/siliconlabs/simplicitystudio/v4/developer/toolchains/gnu_arm/7.2_2017q4/bin/../lib/gcc/arm-none-eabi/7.2.1/../../../../arm-none-eabi/lib/thumb/v7e-m/fpv4-sp/softfp\libnosys.a(_exit.o)
 .text          0x00000000        0x0 c:/siliconlabs/simplicitystudio/v4/developer/toolchains/gnu_arm/7.2_2017q4/bin/../lib/gcc/arm-none-eabi/7.2.1/thumb/v7e-m/fpv4-sp/softfp/crtend.o
 .data          0x00000000        0x0 c:/siliconlabs/simplicitystudio/v4/developer/toolchains/gnu_arm/7.2_2017q4/bin/../lib/gcc/arm-none-eabi/7.2.1/thumb/v7e-m/fpv4-sp/softfp/crtend.o
 .bss           0x00000000        0x0 c:/siliconlabs/simplicitystudio/v4/developer/toolchains/gnu_arm/7.2_2017q4/bin/../lib/gcc/arm-none-eabi/7.2.1/thumb/v7e-m/fpv4-sp/softfp/crtend.o
 .text          0x00000000        0x0 c:/siliconlabs/simplicitystudio/v4/developer/toolchains/gnu_arm/7.2_2017q4/bin/../lib/gcc/arm-none-eabi/7.2.1/thumb/v7e-m/fpv4-sp/softfp/crtn.o
 .data          0x00000000        0x0 c:/siliconlabs/simplicitystudio/v4/developer/toolchains/gnu_arm/7.2_2017q4/bin/../lib/gcc/arm-none-eabi/7.2.1/thumb/v7e-m/fpv4-sp/softfp/crtn.o
 .bss           0x00000000        0x0 c:/siliconlabs/simplicitystudio/v4/developer/toolchains/gnu_arm/7.2_2017q4/bin/../lib/gcc/arm-none-eabi/7.2.1/thumb/v7e-m/fpv4-sp/softfp/crtn.o

Memory Configuration

Name             Origin             Length             Attributes
FLASH            0x00000000         0x00040000         xr
RAM              0x20000000         0x00008000         xrw
*default*        0x00000000         0xffffffff

Linker script and memory map

LOAD c:/siliconlabs/simplicitystudio/v4/developer/toolchains/gnu_arm/7.2_2017q4/bin/../lib/gcc/arm-none-eabi/7.2.1/thumb/v7e-m/fpv4-sp/softfp/crti.o
LOAD c:/siliconlabs/simplicitystudio/v4/developer/toolchains/gnu_arm/7.2_2017q4/bin/../lib/gcc/arm-none-eabi/7.2.1/thumb/v7e-m/fpv4-sp/softfp/crtbegin.o
LOAD c:/siliconlabs/simplicitystudio/v4/developer/toolchains/gnu_arm/7.2_2017q4/bin/../lib/gcc/arm-none-eabi/7.2.1/../../../../arm-none-eabi/lib/thumb/v7e-m/fpv4-sp/softfp/crt0.o
LOAD ./CMSIS/EFM32WG/startup_efm32wg.o
LOAD ./CMSIS/EFM32WG/system_efm32wg.o
LOAD ./emlib/em_cmu.o
LOAD ./emlib/em_core.o
LOAD ./emlib/em_gpio.o
LOAD ./emlib/em_system.o
LOAD ./emlib/em_usart.o
LOAD ./src/main_s0.o
START GROUP
LOAD c:/siliconlabs/simplicitystudio/v4/developer/toolchains/gnu_arm/7.2_2017q4/bin/../lib/gcc/arm-none-eabi/7.2.1/thumb/v7e-m/fpv4-sp/softfp\libgcc.a
LOAD c:/siliconlabs/simplicitystudio/v4/developer/toolchains/gnu_arm/7.2_2017q4/bin/../lib/gcc/arm-none-eabi/7.2.1/../../../../arm-none-eabi/lib/thumb/v7e-m/fpv4-sp/softfp\libc_nano.a
LOAD c:/siliconlabs/simplicitystudio/v4/developer/toolchains/gnu_arm/7.2_2017q4/bin/../lib/gcc/arm-none-eabi/7.2.1/../../../../arm-none-eabi/lib/thumb/v7e-m/fpv4-sp/softfp\libnosys.a
END GROUP
START GROUP
LOAD c:/siliconlabs/simplicitystudio/v4/developer/toolchains/gnu_arm/7.2_2017q4/bin/../lib/gcc/arm-none-eabi/7.2.1/thumb/v7e-m/fpv4-sp/softfp\libgcc.a
LOAD c:/siliconlabs/simplicitystudio/v4/developer/toolchains/gnu_arm/7.2_2017q4/bin/../lib/gcc/arm-none-eabi/7.2.1/../../../../arm-none-eabi/lib/thumb/v7e-m/fpv4-sp/softfp\libg_nano.a
LOAD c:/siliconlabs/simplicitystudio/v4/developer/toolchains/gnu_arm/7.2_2017q4/bin/../lib/gcc/arm-none-eabi/7.2.1/../../../../arm-none-eabi/lib/thumb/v7e-m/fpv4-sp/softfp\libc_nano.a
END GROUP
START GROUP
LOAD c:/siliconlabs/simplicitystudio/v4/developer/toolchains/gnu_arm/7.2_2017q4/bin/../lib/gcc/arm-none-eabi/7.2.1/thumb/v7e-m/fpv4-sp/softfp\libgcc.a
LOAD c:/siliconlabs/simplicitystudio/v4/developer/toolchains/gnu_arm/7.2_2017q4/bin/../lib/gcc/arm-none-eabi/7.2.1/../../../../arm-none-eabi/lib/thumb/v7e-m/fpv4-sp/softfp\libc_nano.a
END GROUP
LOAD c:/siliconlabs/simplicitystudio/v4/developer/toolchains/gnu_arm/7.2_2017q4/bin/../lib/gcc/arm-none-eabi/7.2.1/thumb/v7e-m/fpv4-sp/softfp/crtend.o
LOAD c:/siliconlabs/simplicitystudio/v4/developer/toolchains/gnu_arm/7.2_2017q4/bin/../lib/gcc/arm-none-eabi/7.2.1/thumb/v7e-m/fpv4-sp/softfp/crtn.o

.text           0x00000000      0xa98
 *(.vectors)
 .vectors       0x00000000       0xe0 ./CMSIS/EFM32WG/startup_efm32wg.o
                0x00000000                __Vectors
                0x000000e0                __Vectors_End = .
                0x000000e0                __Vectors_Size = (__Vectors_End - __Vectors)
                0x000000e0                __end__ = .
 *(.text*)
 .text          0x000000e0       0x40 c:/siliconlabs/simplicitystudio/v4/developer/toolchains/gnu_arm/7.2_2017q4/bin/../lib/gcc/arm-none-eabi/7.2.1/thumb/v7e-m/fpv4-sp/softfp/crtbegin.o
 .text          0x00000120       0x74 c:/siliconlabs/simplicitystudio/v4/developer/toolchains/gnu_arm/7.2_2017q4/bin/../lib/gcc/arm-none-eabi/7.2.1/../../../../arm-none-eabi/lib/thumb/v7e-m/fpv4-sp/softfp/crt0.o
                0x00000120                _start
                0x00000120                _mainCRTStartup
 .text          0x00000194       0x30 ./CMSIS/EFM32WG/startup_efm32wg.o
                0x00000194                Reset_Handler
                0x000001c0                DebugMon_Handler
                0x000001c0                USART0_TX_IRQHandler
                0x000001c0                I2C0_IRQHandler
                0x000001c0                HardFault_Handler
                0x000001c0                LEUART1_IRQHandler
                0x000001c0                SysTick_Handler
                0x000001c0                USART1_RX_IRQHandler
                0x000001c0                PendSV_Handler
                0x000001c0                NMI_Handler
                0x000001c0                I2C1_IRQHandler
                0x000001c0                TIMER3_IRQHandler
                0x000001c0                USART1_TX_IRQHandler
                0x000001c0                MSC_IRQHandler
                0x000001c0                ADC0_IRQHandler
                0x000001c0                UsageFault_Handler
                0x000001c0                LEUART0_IRQHandler
                0x000001c0                FPUEH_IRQHandler
                0x000001c0                GPIO_EVEN_IRQHandler
                0x000001c0                UART0_TX_IRQHandler
                0x000001c0                UART1_TX_IRQHandler
                0x000001c0                RTC_IRQHandler
                0x000001c0                TIMER0_IRQHandler
                0x000001c0                TIMER2_IRQHandler
                0x000001c0                LCD_IRQHandler
                0x000001c0                PCNT2_IRQHandler
                0x000001c0                UART0_RX_IRQHandler
                0x000001c0                LETIMER0_IRQHandler
                0x000001c0                TIMER1_IRQHandler
                0x000001c0                USART2_RX_IRQHandler
                0x000001c0                Default_Handler
                0x000001c0                EMU_IRQHandler
                0x000001c0                PCNT0_IRQHandler
                0x000001c0                sl_app_properties
                0x000001c0                USB_IRQHandler
                0x000001c0                BURTC_IRQHandler
                0x000001c0                PCNT1_IRQHandler
                0x000001c0                ACMP0_IRQHandler
                0x000001c0                USART0_RX_IRQHandler
                0x000001c0                MemManage_Handler
                0x000001c0                SVC_Handler
                0x000001c0                DAC0_IRQHandler
                0x000001c0                UART1_RX_IRQHandler
                0x000001c0                CMU_IRQHandler
                0x000001c0                EBI_IRQHandler
                0x000001c0                LESENSE_IRQHandler
                0x000001c0                GPIO_ODD_IRQHandler
                0x000001c0                AES_IRQHandler
                0x000001c0                VCMP_IRQHandler
                0x000001c0                DMA_IRQHandler
                0x000001c0                BusFault_Handler
                0x000001c0                USART2_TX_IRQHandler
 .text.SystemHFClockGet
                0x000001c4       0xcc ./CMSIS/EFM32WG/system_efm32wg.o
                0x000001c4                SystemHFClockGet
 .text.SystemCoreClockGet
                0x00000290       0x20 ./CMSIS/EFM32WG/system_efm32wg.o
                0x00000290                SystemCoreClockGet
 .text.SystemInit
                0x000002b0       0x1c ./CMSIS/EFM32WG/system_efm32wg.o
                0x000002b0                SystemInit
 .text.SystemLFRCOClockGet
                0x000002cc        0x8 ./CMSIS/EFM32WG/system_efm32wg.o
                0x000002cc                SystemLFRCOClockGet
 .text.SystemULFRCOClockGet
                0x000002d4        0x8 ./CMSIS/EFM32WG/system_efm32wg.o
                0x000002d4                SystemULFRCOClockGet
 .text.SystemLFXOClockGet
                0x000002dc        0xc ./CMSIS/EFM32WG/system_efm32wg.o
                0x000002dc                SystemLFXOClockGet
 .text.auxClkGet
                0x000002e8       0x8c ./emlib/em_cmu.o
 .text.CMU_ClockSelectGet
                0x00000374       0xc8 ./emlib/em_cmu.o
                0x00000374                CMU_ClockSelectGet
 .text.lfClkGet
                0x0000043c       0x90 ./emlib/em_cmu.o
 .text.CMU_ClockFreqGet
                0x000004cc      0x178 ./emlib/em_cmu.o
                0x000004cc                CMU_ClockFreqGet
 .text.CMU_ClockEnable
                0x00000644       0xd4 ./emlib/em_cmu.o
                0x00000644                CMU_ClockEnable
 .text.GPIO_PinModeSet
                0x00000718       0x8c ./emlib/em_gpio.o
                0x00000718                GPIO_PinModeSet
 .text.USART_BaudrateAsyncSet
                0x000007a4       0x68 ./emlib/em_usart.o
                0x000007a4                USART_BaudrateAsyncSet
 .text.USART_InitAsync
                0x0000080c       0x90 ./emlib/em_usart.o
                0x0000080c                USART_InitAsync
 .text.USART_Rx
                0x0000089c        0xc ./emlib/em_usart.o
                0x0000089c                USART_Rx
 .text.USART_Tx
                0x000008a8        0xc ./emlib/em_usart.o
                0x000008a8                USART_Tx
 .text.startup.main
                0x000008b4      0x104 ./src/main_s0.o
                0x000008b4                main
 .text.exit     0x000009b8       0x28 c:/siliconlabs/simplicitystudio/v4/developer/toolchains/gnu_arm/7.2_2017q4/bin/../lib/gcc/arm-none-eabi/7.2.1/../../../../arm-none-eabi/lib/thumb/v7e-m/fpv4-sp/softfp\libc_nano.a(lib_a-exit.o)
                0x000009b8                exit
 .text.__libc_init_array
                0x000009e0       0x48 c:/siliconlabs/simplicitystudio/v4/developer/toolchains/gnu_arm/7.2_2017q4/bin/../lib/gcc/arm-none-eabi/7.2.1/../../../../arm-none-eabi/lib/thumb/v7e-m/fpv4-sp/softfp\libc_nano.a(lib_a-init.o)
                0x000009e0                __libc_init_array
 .text.memset   0x00000a28       0x10 c:/siliconlabs/simplicitystudio/v4/developer/toolchains/gnu_arm/7.2_2017q4/bin/../lib/gcc/arm-none-eabi/7.2.1/../../../../arm-none-eabi/lib/thumb/v7e-m/fpv4-sp/softfp\libc_nano.a(lib_a-memset.o)
                0x00000a28                memset
 .text._exit    0x00000a38        0x4 c:/siliconlabs/simplicitystudio/v4/developer/toolchains/gnu_arm/7.2_2017q4/bin/../lib/gcc/arm-none-eabi/7.2.1/../../../../arm-none-eabi/lib/thumb/v7e-m/fpv4-sp/softfp\libnosys.a(_exit.o)
                0x00000a38                _exit
 *(.init)
 .init          0x00000a3c        0x4 c:/siliconlabs/simplicitystudio/v4/developer/toolchains/gnu_arm/7.2_2017q4/bin/../lib/gcc/arm-none-eabi/7.2.1/thumb/v7e-m/fpv4-sp/softfp/crti.o
                0x00000a3c                _init
 .init          0x00000a40        0x8 c:/siliconlabs/simplicitystudio/v4/developer/toolchains/gnu_arm/7.2_2017q4/bin/../lib/gcc/arm-none-eabi/7.2.1/thumb/v7e-m/fpv4-sp/softfp/crtn.o
 *(.fini)
 .fini          0x00000a48        0x4 c:/siliconlabs/simplicitystudio/v4/developer/toolchains/gnu_arm/7.2_2017q4/bin/../lib/gcc/arm-none-eabi/7.2.1/thumb/v7e-m/fpv4-sp/softfp/crti.o
                0x00000a48                _fini
 .fini          0x00000a4c        0x8 c:/siliconlabs/simplicitystudio/v4/developer/toolchains/gnu_arm/7.2_2017q4/bin/../lib/gcc/arm-none-eabi/7.2.1/thumb/v7e-m/fpv4-sp/softfp/crtn.o
 *crtbegin.o(.ctors)
 *crtbegin?.o(.ctors)
 *(EXCLUDE_FILE(*crtend.o *crtend?.o) .ctors)
 *(SORT_BY_NAME(.ctors.*))
 *(.ctors)
 *crtbegin.o(.dtors)
 *crtbegin?.o(.dtors)
 *(EXCLUDE_FILE(*crtend.o *crtend?.o) .dtors)
 *(SORT_BY_NAME(.dtors.*))
 *(.dtors)
 *(.rodata*)
 .rodata        0x00000a54       0x18 ./src/main_s0.o
 .rodata.main.str1.4
                0x00000a6c       0x24 ./src/main_s0.o
                                 0x22 (size before relaxing)
 .rodata._global_impure_ptr
                0x00000a90        0x4 c:/siliconlabs/simplicitystudio/v4/developer/toolchains/gnu_arm/7.2_2017q4/bin/../lib/gcc/arm-none-eabi/7.2.1/../../../../arm-none-eabi/lib/thumb/v7e-m/fpv4-sp/softfp\libc_nano.a(lib_a-impure.o)
                0x00000a90                _global_impure_ptr
 *(.eh_frame*)
 .eh_frame      0x00000a94        0x0 c:/siliconlabs/simplicitystudio/v4/developer/toolchains/gnu_arm/7.2_2017q4/bin/../lib/gcc/arm-none-eabi/7.2.1/thumb/v7e-m/fpv4-sp/softfp/crtbegin.o
 .eh_frame      0x00000a94        0x4 c:/siliconlabs/simplicitystudio/v4/developer/toolchains/gnu_arm/7.2_2017q4/bin/../lib/gcc/arm-none-eabi/7.2.1/thumb/v7e-m/fpv4-sp/softfp/crtend.o

.glue_7         0x00000a98        0x0
 .glue_7        0x00000a98        0x0 linker stubs

.glue_7t        0x00000a98        0x0
 .glue_7t       0x00000a98        0x0 linker stubs

.vfp11_veneer   0x00000a98        0x0
 .vfp11_veneer  0x00000a98        0x0 linker stubs

.v4_bx          0x00000a98        0x0
 .v4_bx         0x00000a98        0x0 linker stubs

.iplt           0x00000a98        0x0
 .iplt          0x00000a98        0x0 c:/siliconlabs/simplicitystudio/v4/developer/toolchains/gnu_arm/7.2_2017q4/bin/../lib/gcc/arm-none-eabi/7.2.1/thumb/v7e-m/fpv4-sp/softfp/crtbegin.o

.ARM.extab
 *(.ARM.extab* .gnu.linkonce.armextab.*)
                0x00000a98                __exidx_start = .

.ARM.exidx      0x00000a98        0x8
 *(.ARM.exidx* .gnu.linkonce.armexidx.*)
 .ARM.exidx     0x00000a98        0x8 c:/siliconlabs/simplicitystudio/v4/developer/toolchains/gnu_arm/7.2_2017q4/bin/../lib/gcc/arm-none-eabi/7.2.1/../../../../arm-none-eabi/lib/thumb/v7e-m/fpv4-sp/softfp/crt0.o
                0x00000aa0                __exidx_end = .
                0x00000aa0                __etext = .

.rel.dyn        0x00000aa0        0x0
 .rel.iplt      0x00000aa0        0x0 c:/siliconlabs/simplicitystudio/v4/developer/toolchains/gnu_arm/7.2_2017q4/bin/../lib/gcc/arm-none-eabi/7.2.1/thumb/v7e-m/fpv4-sp/softfp/crtbegin.o

.data           0x20000000       0x74 load address 0x00000aa0
                0x20000000                __data_start__ = .
 *(vtable)
 *(.data*)
 .data.SystemCoreClock
                0x20000000        0x4 ./CMSIS/EFM32WG/system_efm32wg.o
                0x20000000                SystemCoreClock
 .data.SystemHFXOClock
                0x20000004        0x4 ./CMSIS/EFM32WG/system_efm32wg.o
 .data.SystemLFXOClock
                0x20000008        0x4 ./CMSIS/EFM32WG/system_efm32wg.o
 .data.impure_data
                0x2000000c       0x60 c:/siliconlabs/simplicitystudio/v4/developer/toolchains/gnu_arm/7.2_2017q4/bin/../lib/gcc/arm-none-eabi/7.2.1/../../../../arm-none-eabi/lib/thumb/v7e-m/fpv4-sp/softfp\libc_nano.a(lib_a-impure.o)
                0x2000006c                . = ALIGN (0x4)
                [!provide]                PROVIDE (__ram_func_section_start, .)
 *(.ram)
                [!provide]                PROVIDE (__ram_func_section_end, .)
                0x2000006c                . = ALIGN (0x4)
                0x2000006c                PROVIDE (__preinit_array_start, .)
 *(.preinit_array)
                0x2000006c                PROVIDE (__preinit_array_end, .)
                0x2000006c                . = ALIGN (0x4)
                0x2000006c                PROVIDE (__init_array_start, .)
 *(SORT_BY_NAME(.init_array.*))
 *(.init_array)
 .init_array    0x2000006c        0x4 c:/siliconlabs/simplicitystudio/v4/developer/toolchains/gnu_arm/7.2_2017q4/bin/../lib/gcc/arm-none-eabi/7.2.1/thumb/v7e-m/fpv4-sp/softfp/crtbegin.o
                0x20000070                PROVIDE (__init_array_end, .)
                0x20000070                . = ALIGN (0x4)
                [!provide]                PROVIDE (__fini_array_start, .)
 *(SORT_BY_NAME(.fini_array.*))
 *(.fini_array)
 .fini_array    0x20000070        0x4 c:/siliconlabs/simplicitystudio/v4/developer/toolchains/gnu_arm/7.2_2017q4/bin/../lib/gcc/arm-none-eabi/7.2.1/thumb/v7e-m/fpv4-sp/softfp/crtbegin.o
                [!provide]                PROVIDE (__fini_array_end, .)
 *(.jcr*)
                0x20000074                . = ALIGN (0x4)
                0x20000074                __data_end__ = .

.igot.plt       0x20000074        0x0 load address 0x00000b14
 .igot.plt      0x20000074        0x0 c:/siliconlabs/simplicitystudio/v4/developer/toolchains/gnu_arm/7.2_2017q4/bin/../lib/gcc/arm-none-eabi/7.2.1/thumb/v7e-m/fpv4-sp/softfp/crtbegin.o

.bss            0x20000074       0x6c load address 0x00000b14
                0x20000074                . = ALIGN (0x4)
                0x20000074                __bss_start__ = .
 *(.bss*)
 .bss           0x20000074       0x1c c:/siliconlabs/simplicitystudio/v4/developer/toolchains/gnu_arm/7.2_2017q4/bin/../lib/gcc/arm-none-eabi/7.2.1/thumb/v7e-m/fpv4-sp/softfp/crtbegin.o
 *(COMMON)
 COMMON         0x20000090       0x50 ./src/main_s0.o
                0x20000090                buffer
                0x200000e0                . = ALIGN (0x4)
                0x200000e0                __bss_end__ = .

.heap           0x200000e0      0xc00
                0x200000e0                __HeapBase = .
                0x200000e0                __end__ = .
                0x200000e0                end = __end__
                0x200000e0                _end = __end__
 *(.heap*)
 .heap          0x200000e0      0xc00 ./CMSIS/EFM32WG/startup_efm32wg.o
                0x20000ce0                __HeapLimit = .

.stack_dummy    0x200000e0      0x400
 *(.stack*)
 .stack         0x200000e0      0x400 ./CMSIS/EFM32WG/startup_efm32wg.o
                0x20008000                __StackTop = (ORIGIN (RAM) + LENGTH (RAM))
                0x20007c00                __StackLimit = (__StackTop - SIZEOF (.stack_dummy))
                0x20008000                PROVIDE (__stack, __StackTop)
                0x00000001                ASSERT ((__StackLimit >= __HeapLimit), region RAM overflowed with stack)
                0x00000001                ASSERT ((LENGTH (FLASH) >= (__etext + SIZEOF (.data))), FLASH memory overflowed !)
OUTPUT(Copy of STK3800_EFM32WG_async_polled.axf elf32-littlearm)

.ARM.attributes
                0x00000000       0x2e
 .ARM.attributes
                0x00000000       0x22 c:/siliconlabs/simplicitystudio/v4/developer/toolchains/gnu_arm/7.2_2017q4/bin/../lib/gcc/arm-none-eabi/7.2.1/thumb/v7e-m/fpv4-sp/softfp/crti.o
 .ARM.attributes
                0x00000022       0x32 c:/siliconlabs/simplicitystudio/v4/developer/toolchains/gnu_arm/7.2_2017q4/bin/../lib/gcc/arm-none-eabi/7.2.1/thumb/v7e-m/fpv4-sp/softfp/crtbegin.o
 .ARM.attributes
                0x00000054       0x20 c:/siliconlabs/simplicitystudio/v4/developer/toolchains/gnu_arm/7.2_2017q4/bin/../lib/gcc/arm-none-eabi/7.2.1/../../../../arm-none-eabi/lib/thumb/v7e-m/fpv4-sp/softfp/crt0.o
 .ARM.attributes
                0x00000074       0x1f ./CMSIS/EFM32WG/startup_efm32wg.o
 .ARM.attributes
                0x00000093       0x37 ./CMSIS/EFM32WG/system_efm32wg.o
 .ARM.attributes
                0x000000ca       0x37 ./emlib/em_cmu.o
 .ARM.attributes
                0x00000101       0x37 ./emlib/em_gpio.o
 .ARM.attributes
                0x00000138       0x37 ./emlib/em_usart.o
 .ARM.attributes
                0x0000016f       0x37 ./src/main_s0.o
 .ARM.attributes
                0x000001a6       0x32 c:/siliconlabs/simplicitystudio/v4/developer/toolchains/gnu_arm/7.2_2017q4/bin/../lib/gcc/arm-none-eabi/7.2.1/../../../../arm-none-eabi/lib/thumb/v7e-m/fpv4-sp/softfp\libc_nano.a(lib_a-exit.o)
 .ARM.attributes
                0x000001d8       0x32 c:/siliconlabs/simplicitystudio/v4/developer/toolchains/gnu_arm/7.2_2017q4/bin/../lib/gcc/arm-none-eabi/7.2.1/../../../../arm-none-eabi/lib/thumb/v7e-m/fpv4-sp/softfp\libc_nano.a(lib_a-impure.o)
 .ARM.attributes
                0x0000020a       0x32 c:/siliconlabs/simplicitystudio/v4/developer/toolchains/gnu_arm/7.2_2017q4/bin/../lib/gcc/arm-none-eabi/7.2.1/../../../../arm-none-eabi/lib/thumb/v7e-m/fpv4-sp/softfp\libc_nano.a(lib_a-init.o)
 .ARM.attributes
                0x0000023c       0x32 c:/siliconlabs/simplicitystudio/v4/developer/toolchains/gnu_arm/7.2_2017q4/bin/../lib/gcc/arm-none-eabi/7.2.1/../../../../arm-none-eabi/lib/thumb/v7e-m/fpv4-sp/softfp\libc_nano.a(lib_a-memset.o)
 .ARM.attributes
                0x0000026e       0x32 c:/siliconlabs/simplicitystudio/v4/developer/toolchains/gnu_arm/7.2_2017q4/bin/../lib/gcc/arm-none-eabi/7.2.1/../../../../arm-none-eabi/lib/thumb/v7e-m/fpv4-sp/softfp\libnosys.a(_exit.o)
 .ARM.attributes
                0x000002a0       0x32 c:/siliconlabs/simplicitystudio/v4/developer/toolchains/gnu_arm/7.2_2017q4/bin/../lib/gcc/arm-none-eabi/7.2.1/thumb/v7e-m/fpv4-sp/softfp/crtend.o
 .ARM.attributes
                0x000002d2       0x22 c:/siliconlabs/simplicitystudio/v4/developer/toolchains/gnu_arm/7.2_2017q4/bin/../lib/gcc/arm-none-eabi/7.2.1/thumb/v7e-m/fpv4-sp/softfp/crtn.o

.comment        0x00000000       0x7e
 .comment       0x00000000       0x7e ./CMSIS/EFM32WG/system_efm32wg.o
                                 0x7f (size before relaxing)
 .comment       0x0000007e       0x7f ./emlib/em_cmu.o
 .comment       0x0000007e       0x7f ./emlib/em_gpio.o
 .comment       0x0000007e       0x7f ./emlib/em_usart.o
 .comment       0x0000007e       0x7f ./src/main_s0.o

.debug_line     0x00000000     0x3b80
 .debug_line    0x00000000       0xd3 ./CMSIS/EFM32WG/startup_efm32wg.o
 .debug_line    0x000000d3      0x8d1 ./CMSIS/EFM32WG/system_efm32wg.o
 .debug_line    0x000009a4     0x136f ./emlib/em_cmu.o
 .debug_line    0x00001d13      0x983 ./emlib/em_gpio.o
 .debug_line    0x00002696      0xbf9 ./emlib/em_usart.o
 .debug_line    0x0000328f      0x8f1 ./src/main_s0.o

.debug_info     0x00000000     0x52f8
 .debug_info    0x00000000       0x26 ./CMSIS/EFM32WG/startup_efm32wg.o
 .debug_info    0x00000026      0x81b ./CMSIS/EFM32WG/system_efm32wg.o
 .debug_info    0x00000841     0x23c1 ./emlib/em_cmu.o
 .debug_info    0x00002c02      0x8b9 ./emlib/em_gpio.o
 .debug_info    0x000034bb     0x11e6 ./emlib/em_usart.o
 .debug_info    0x000046a1      0xc57 ./src/main_s0.o

.debug_abbrev   0x00000000      0xf50
 .debug_abbrev  0x00000000       0x14 ./CMSIS/EFM32WG/startup_efm32wg.o
 .debug_abbrev  0x00000014      0x258 ./CMSIS/EFM32WG/system_efm32wg.o
 .debug_abbrev  0x0000026c      0x447 ./emlib/em_cmu.o
 .debug_abbrev  0x000006b3      0x2fb ./emlib/em_gpio.o
 .debug_abbrev  0x000009ae      0x36c ./emlib/em_usart.o
 .debug_abbrev  0x00000d1a      0x236 ./src/main_s0.o

.debug_aranges  0x00000000      0x2b0
 .debug_aranges
                0x00000000       0x20 ./CMSIS/EFM32WG/startup_efm32wg.o
 .debug_aranges
                0x00000020       0x68 ./CMSIS/EFM32WG/system_efm32wg.o
 .debug_aranges
                0x00000088      0x108 ./emlib/em_cmu.o
 .debug_aranges
                0x00000190       0x48 ./emlib/em_gpio.o
 .debug_aranges
                0x000001d8       0xb8 ./emlib/em_usart.o
 .debug_aranges
                0x00000290       0x20 ./src/main_s0.o

.debug_str      0x00000000    0xd936d
 .debug_str     0x00000000      0x102 ./CMSIS/EFM32WG/startup_efm32wg.o
 .debug_str     0x00000102    0xd421d ./CMSIS/EFM32WG/system_efm32wg.o
                              0xd48af (size before relaxing)
 .debug_str     0x000d431f     0x3c70 ./emlib/em_cmu.o
                              0xd8441 (size before relaxing)
 .debug_str     0x000d7f8f      0x4ad ./emlib/em_gpio.o
                              0xd50d3 (size before relaxing)
 .debug_str     0x000d843c      0xdfd ./emlib/em_usart.o
                              0xd6a17 (size before relaxing)
 .debug_str     0x000d9239      0x134 ./src/main_s0.o
                              0xd682e (size before relaxing)

.debug_loc      0x00000000     0x357a
 .debug_loc     0x00000000       0xec ./CMSIS/EFM32WG/system_efm32wg.o
 .debug_loc     0x000000ec     0x24ab ./emlib/em_cmu.o
 .debug_loc     0x00002597      0x586 ./emlib/em_gpio.o
 .debug_loc     0x00002b1d      0x95a ./emlib/em_usart.o
 .debug_loc     0x00003477      0x103 ./src/main_s0.o

.debug_ranges   0x00000000      0x898
 .debug_ranges  0x00000000       0x88 ./CMSIS/EFM32WG/system_efm32wg.o
 .debug_ranges  0x00000088      0x580 ./emlib/em_cmu.o
 .debug_ranges  0x00000608      0x110 ./emlib/em_gpio.o
 .debug_ranges  0x00000718      0x158 ./emlib/em_usart.o
 .debug_ranges  0x00000870       0x28 ./src/main_s0.o

.debug_macro    0x00000000    0x24374
 .debug_macro   0x00000000      0x299 ./CMSIS/EFM32WG/system_efm32wg.o
 .debug_macro   0x00000299      0xa4e ./CMSIS/EFM32WG/system_efm32wg.o
 .debug_macro   0x00000ce7       0x22 ./CMSIS/EFM32WG/system_efm32wg.o
 .debug_macro   0x00000d09       0x4f ./CMSIS/EFM32WG/system_efm32wg.o
 .debug_macro   0x00000d58       0x51 ./CMSIS/EFM32WG/system_efm32wg.o
 .debug_macro   0x00000da9       0xef ./CMSIS/EFM32WG/system_efm32wg.o
 .debug_macro   0x00000e98       0x6a ./CMSIS/EFM32WG/system_efm32wg.o
 .debug_macro   0x00000f02      0x1df ./CMSIS/EFM32WG/system_efm32wg.o
 .debug_macro   0x000010e1      0x3af ./CMSIS/EFM32WG/system_efm32wg.o
 .debug_macro   0x00001490       0x1c ./CMSIS/EFM32WG/system_efm32wg.o
 .debug_macro   0x000014ac       0x22 ./CMSIS/EFM32WG/system_efm32wg.o
 .debug_macro   0x000014ce       0xdf ./CMSIS/EFM32WG/system_efm32wg.o
 .debug_macro   0x000015ad      0xff5 ./CMSIS/EFM32WG/system_efm32wg.o
 .debug_macro   0x000025a2       0xe2 ./CMSIS/EFM32WG/system_efm32wg.o
 .debug_macro   0x00002684     0x2869 ./CMSIS/EFM32WG/system_efm32wg.o
 .debug_macro   0x00004eed      0x39e ./CMSIS/EFM32WG/system_efm32wg.o
 .debug_macro   0x0000528b     0x3f12 ./CMSIS/EFM32WG/system_efm32wg.o
 .debug_macro   0x0000919d      0x8d2 ./CMSIS/EFM32WG/system_efm32wg.o
 .debug_macro   0x00009a6f      0x675 ./CMSIS/EFM32WG/system_efm32wg.o
 .debug_macro   0x0000a0e4      0x283 ./CMSIS/EFM32WG/system_efm32wg.o
 .debug_macro   0x0000a367     0x1e37 ./CMSIS/EFM32WG/system_efm32wg.o
 .debug_macro   0x0000c19e     0x30cb ./CMSIS/EFM32WG/system_efm32wg.o
 .debug_macro   0x0000f269     0x230f ./CMSIS/EFM32WG/system_efm32wg.o
 .debug_macro   0x00011578      0x343 ./CMSIS/EFM32WG/system_efm32wg.o
 .debug_macro   0x000118bb     0x1c3c ./CMSIS/EFM32WG/system_efm32wg.o
 .debug_macro   0x000134f7     0x1709 ./CMSIS/EFM32WG/system_efm32wg.o
 .debug_macro   0x00014c00      0x6d8 ./CMSIS/EFM32WG/system_efm32wg.o
 .debug_macro   0x000152d8      0xfe0 ./CMSIS/EFM32WG/system_efm32wg.o
 .debug_macro   0x000162b8      0x37f ./CMSIS/EFM32WG/system_efm32wg.o
 .debug_macro   0x00016637      0x855 ./CMSIS/EFM32WG/system_efm32wg.o
 .debug_macro   0x00016e8c      0x894 ./CMSIS/EFM32WG/system_efm32wg.o
 .debug_macro   0x00017720     0x106a ./CMSIS/EFM32WG/system_efm32wg.o
 .debug_macro   0x0001878a     0x1d83 ./CMSIS/EFM32WG/system_efm32wg.o
 .debug_macro   0x0001a50d      0x33d ./CMSIS/EFM32WG/system_efm32wg.o
 .debug_macro   0x0001a84a      0xa66 ./CMSIS/EFM32WG/system_efm32wg.o
 .debug_macro   0x0001b2b0      0xf85 ./CMSIS/EFM32WG/system_efm32wg.o
 .debug_macro   0x0001c235     0x12a5 ./CMSIS/EFM32WG/system_efm32wg.o
 .debug_macro   0x0001d4da      0xc4a ./CMSIS/EFM32WG/system_efm32wg.o
 .debug_macro   0x0001e124      0x74d ./CMSIS/EFM32WG/system_efm32wg.o
 .debug_macro   0x0001e871      0x1c9 ./CMSIS/EFM32WG/system_efm32wg.o
 .debug_macro   0x0001ea3a     0x1041 ./CMSIS/EFM32WG/system_efm32wg.o
 .debug_macro   0x0001fa7b      0x280 ./CMSIS/EFM32WG/system_efm32wg.o
 .debug_macro   0x0001fcfb       0x40 ./CMSIS/EFM32WG/system_efm32wg.o
 .debug_macro   0x0001fd3b      0x25e ./CMSIS/EFM32WG/system_efm32wg.o
 .debug_macro   0x0001ff99      0x1f0 ./CMSIS/EFM32WG/system_efm32wg.o
 .debug_macro   0x00020189      0x166 ./CMSIS/EFM32WG/system_efm32wg.o
 .debug_macro   0x000202ef      0x252 ./CMSIS/EFM32WG/system_efm32wg.o
 .debug_macro   0x00020541     0x1c1d ./CMSIS/EFM32WG/system_efm32wg.o
 .debug_macro   0x0002215e       0x2e ./CMSIS/EFM32WG/system_efm32wg.o
 .debug_macro   0x0002218c      0x427 ./CMSIS/EFM32WG/system_efm32wg.o
 .debug_macro   0x000225b3      0x427 ./CMSIS/EFM32WG/system_efm32wg.o
 .debug_macro   0x000229da      0x372 ./emlib/em_cmu.o
 .debug_macro   0x00022d4c       0x22 ./emlib/em_cmu.o
 .debug_macro   0x00022d6e       0x10 ./emlib/em_cmu.o
 .debug_macro   0x00022d7e       0xcc ./emlib/em_cmu.o
 .debug_macro   0x00022e4a       0x69 ./emlib/em_cmu.o
 .debug_macro   0x00022eb3      0x330 ./emlib/em_cmu.o
 .debug_macro   0x000231e3      0x16d ./emlib/em_cmu.o
 .debug_macro   0x00023350       0x58 ./emlib/em_cmu.o
 .debug_macro   0x000233a8      0x34d ./emlib/em_cmu.o
 .debug_macro   0x000236f5       0x25 ./emlib/em_cmu.o
 .debug_macro   0x0002371a       0xee ./emlib/em_cmu.o
 .debug_macro   0x00023808       0x1f ./emlib/em_cmu.o
 .debug_macro   0x00023827      0x2b2 ./emlib/em_gpio.o
 .debug_macro   0x00023ad9       0xc6 ./emlib/em_gpio.o
 .debug_macro   0x00023b9f      0x2f6 ./emlib/em_usart.o
 .debug_macro   0x00023e95       0xeb ./emlib/em_usart.o
 .debug_macro   0x00023f80      0x303 ./src/main_s0.o
 .debug_macro   0x00024283       0xf1 ./src/main_s0.o

.debug_frame    0x00000000      0x6e8
 .debug_frame   0x00000000       0xc8 ./CMSIS/EFM32WG/system_efm32wg.o
 .debug_frame   0x000000c8      0x2cc ./emlib/em_cmu.o
 .debug_frame   0x00000394       0xb0 ./emlib/em_gpio.o
 .debug_frame   0x00000444      0x1e0 ./emlib/em_usart.o
 .debug_frame   0x00000624       0x30 ./src/main_s0.o
 .debug_frame   0x00000654       0x28 c:/siliconlabs/simplicitystudio/v4/developer/toolchains/gnu_arm/7.2_2017q4/bin/../lib/gcc/arm-none-eabi/7.2.1/../../../../arm-none-eabi/lib/thumb/v7e-m/fpv4-sp/softfp\libc_nano.a(lib_a-exit.o)
 .debug_frame   0x0000067c       0x2c c:/siliconlabs/simplicitystudio/v4/developer/toolchains/gnu_arm/7.2_2017q4/bin/../lib/gcc/arm-none-eabi/7.2.1/../../../../arm-none-eabi/lib/thumb/v7e-m/fpv4-sp/softfp\libc_nano.a(lib_a-init.o)
 .debug_frame   0x000006a8       0x20 c:/siliconlabs/simplicitystudio/v4/developer/toolchains/gnu_arm/7.2_2017q4/bin/../lib/gcc/arm-none-eabi/7.2.1/../../../../arm-none-eabi/lib/thumb/v7e-m/fpv4-sp/softfp\libc_nano.a(lib_a-memset.o)
 .debug_frame   0x000006c8       0x20 c:/siliconlabs/simplicitystudio/v4/developer/toolchains/gnu_arm/7.2_2017q4/bin/../lib/gcc/arm-none-eabi/7.2.1/../../../../arm-none-eabi/lib/thumb/v7e-m/fpv4-sp/softfp\libnosys.a(_exit.o)
